Component: ARM Compiler 5.06 update 6 (build 750) Tool: armlink [4d35ed]

==============================================================================

Section Cross References

    startup_stm32f10x_md.o(STACK) refers (Special) to heapauxi.o(.text) for __use_two_region_memory
    startup_stm32f10x_md.o(HEAP) refers (Special) to heapauxi.o(.text) for __use_two_region_memory
    startup_stm32f10x_md.o(RESET) refers (Special) to heapauxi.o(.text) for __use_two_region_memory
    startup_stm32f10x_md.o(RESET) refers to startup_stm32f10x_md.o(STACK) for __initial_sp
    startup_stm32f10x_md.o(RESET) refers to startup_stm32f10x_md.o(.text) for Reset_Handler
    startup_stm32f10x_md.o(RESET) refers to stm32f10x_it.o(i.NMI_Handler) for NMI_Handler
    startup_stm32f10x_md.o(RESET) refers to stm32f10x_it.o(i.HardFault_Handler) for HardFault_Handler
    startup_stm32f10x_md.o(RESET) refers to stm32f10x_it.o(i.MemManage_Handler) for MemManage_Handler
    startup_stm32f10x_md.o(RESET) refers to stm32f10x_it.o(i.BusFault_Handler) for BusFault_Handler
    startup_stm32f10x_md.o(RESET) refers to stm32f10x_it.o(i.UsageFault_Handler) for UsageFault_Handler
    startup_stm32f10x_md.o(RESET) refers to stm32f10x_it.o(i.SVC_Handler) for SVC_Handler
    startup_stm32f10x_md.o(RESET) refers to stm32f10x_it.o(i.DebugMon_Handler) for DebugMon_Handler
    startup_stm32f10x_md.o(RESET) refers to stm32f10x_it.o(i.PendSV_Handler) for PendSV_Handler
    startup_stm32f10x_md.o(RESET) refers to stm32f10x_it.o(i.SysTick_Handler) for SysTick_Handler
    startup_stm32f10x_md.o(RESET) refers to exti.o(i.EXTI0_IRQHandler) for EXTI0_IRQHandler
    startup_stm32f10x_md.o(RESET) refers to exti.o(i.EXTI1_IRQHandler) for EXTI1_IRQHandler
    startup_stm32f10x_md.o(RESET) refers to timer.o(i.TIM2_IRQHandler) for TIM2_IRQHandler
    startup_stm32f10x_md.o(RESET) refers to usart.o(i.USART1_IRQHandler) for USART1_IRQHandler
    startup_stm32f10x_md.o(RESET) refers to usart.o(i.USART2_IRQHandler) for USART2_IRQHandler
    startup_stm32f10x_md.o(.text) refers (Special) to heapauxi.o(.text) for __use_two_region_memory
    startup_stm32f10x_md.o(.text) refers to system_stm32f10x.o(i.SystemInit) for SystemInit
    startup_stm32f10x_md.o(.text) refers to __main.o(!!!main) for __main
    startup_stm32f10x_md.o(.text) refers to startup_stm32f10x_md.o(HEAP) for Heap_Mem
    startup_stm32f10x_md.o(.text) refers to startup_stm32f10x_md.o(STACK) for Stack_Mem
    system_stm32f10x.o(i.SetSysClock) refers to system_stm32f10x.o(i.SetSysClockTo72) for SetSysClockTo72
    system_stm32f10x.o(i.SystemCoreClockUpdate) refers to system_stm32f10x.o(.data) for SystemCoreClock
    system_stm32f10x.o(i.SystemInit) refers to system_stm32f10x.o(i.SetSysClock) for SetSysClock
    stm32f10x_adc.o(i.ADC_DeInit) refers to stm32f10x_rcc.o(i.RCC_APB2PeriphResetCmd) for RCC_APB2PeriphResetCmd
    stm32f10x_bkp.o(i.BKP_DeInit) refers to stm32f10x_rcc.o(i.RCC_BackupResetCmd) for RCC_BackupResetCmd
    stm32f10x_can.o(i.CAN_DeInit) refers to stm32f10x_rcc.o(i.RCC_APB1PeriphResetCmd) for RCC_APB1PeriphResetCmd
    stm32f10x_can.o(i.CAN_GetITStatus) refers to stm32f10x_can.o(i.CheckITStatus) for CheckITStatus
    stm32f10x_cec.o(i.CEC_DeInit) refers to stm32f10x_rcc.o(i.RCC_APB1PeriphResetCmd) for RCC_APB1PeriphResetCmd
    stm32f10x_dac.o(i.DAC_DeInit) refers to stm32f10x_rcc.o(i.RCC_APB1PeriphResetCmd) for RCC_APB1PeriphResetCmd
    stm32f10x_flash.o(i.FLASH_EnableWriteProtection) refers to stm32f10x_flash.o(i.FLASH_WaitForLastOperation) for FLASH_WaitForLastOperation
    stm32f10x_flash.o(i.FLASH_EraseAllBank1Pages) refers to stm32f10x_flash.o(i.FLASH_WaitForLastBank1Operation) for FLASH_WaitForLastBank1Operation
    stm32f10x_flash.o(i.FLASH_EraseAllPages) refers to stm32f10x_flash.o(i.FLASH_WaitForLastOperation) for FLASH_WaitForLastOperation
    stm32f10x_flash.o(i.FLASH_EraseOptionBytes) refers to stm32f10x_flash.o(i.FLASH_GetReadOutProtectionStatus) for FLASH_GetReadOutProtectionStatus
    stm32f10x_flash.o(i.FLASH_EraseOptionBytes) refers to stm32f10x_flash.o(i.FLASH_WaitForLastOperation) for FLASH_WaitForLastOperation
    stm32f10x_flash.o(i.FLASH_ErasePage) refers to stm32f10x_flash.o(i.FLASH_WaitForLastOperation) for FLASH_WaitForLastOperation
    stm32f10x_flash.o(i.FLASH_ProgramHalfWord) refers to stm32f10x_flash.o(i.FLASH_WaitForLastOperation) for FLASH_WaitForLastOperation
    stm32f10x_flash.o(i.FLASH_ProgramOptionByteData) refers to stm32f10x_flash.o(i.FLASH_WaitForLastOperation) for FLASH_WaitForLastOperation
    stm32f10x_flash.o(i.FLASH_ProgramWord) refers to stm32f10x_flash.o(i.FLASH_WaitForLastOperation) for FLASH_WaitForLastOperation
    stm32f10x_flash.o(i.FLASH_ReadOutProtection) refers to stm32f10x_flash.o(i.FLASH_WaitForLastOperation) for FLASH_WaitForLastOperation
    stm32f10x_flash.o(i.FLASH_UserOptionByteConfig) refers to stm32f10x_flash.o(i.FLASH_WaitForLastOperation) for FLASH_WaitForLastOperation
[...]
    Removing stm32f10x_spi.o(i.SPI_Cmd), (24 bytes).
    Removing stm32f10x_spi.o(i.SPI_DataSizeConfig), (18 bytes).
    Removing stm32f10x_spi.o(i.SPI_GetCRC), (16 bytes).
    Removing stm32f10x_spi.o(i.SPI_GetCRCPolynomial), (6 bytes).
    Removing stm32f10x_spi.o(i.SPI_I2S_ClearFlag), (6 bytes).
    Removing stm32f10x_spi.o(i.SPI_I2S_ClearITPendingBit), (20 bytes).
    Removing stm32f10x_spi.o(i.SPI_I2S_DMACmd), (18 bytes).
    Removing stm32f10x_spi.o(i.SPI_I2S_DeInit), (88 bytes).
    Removing stm32f10x_spi.o(i.SPI_I2S_GetFlagStatus), (18 bytes).
    Removing stm32f10x_spi.o(i.SPI_I2S_GetITStatus), (52 bytes).
    Removing stm32f10x_spi.o(i.SPI_I2S_ITConfig), (32 bytes).
    Removing stm32f10x_spi.o(i.SPI_I2S_ReceiveData), (6 bytes).
    Removing stm32f10x_spi.o(i.SPI_I2S_SendData), (4 bytes).
    Removing stm32f10x_spi.o(i.SPI_Init), (60 bytes).
    Removing stm32f10x_spi.o(i.SPI_NSSInternalSoftwareConfig), (30 bytes).
    Removing stm32f10x_spi.o(i.SPI_SSOutputCmd), (24 bytes).
    Removing stm32f10x_spi.o(i.SPI_StructInit), (24 bytes).
    Removing stm32f10x_spi.o(i.SPI_TransmitCRC), (10 bytes).
    Removing stm32f10x_tim.o(i.TI1_Config), (128 bytes).
    Removing stm32f10x_tim.o(i.TI2_Config), (152 bytes).
    Removing stm32f10x_tim.o(i.TI3_Config), (144 bytes).
    Removing stm32f10x_tim.o(i.TI4_Config), (152 bytes).
    Removing stm32f10x_tim.o(i.TIM_ARRPreloadConfig), (24 bytes).
    Removing stm32f10x_tim.o(i.TIM_BDTRConfig), (32 bytes).
    Removing stm32f10x_tim.o(i.TIM_BDTRStructInit), (18 bytes).
    Removing stm32f10x_tim.o(i.TIM_CCPreloadControl), (24 bytes).
    Removing stm32f10x_tim.o(i.TIM_CCxCmd), (30 bytes).
    Removing stm32f10x_tim.o(i.TIM_CCxNCmd), (30 bytes).
    Removing stm32f10x_tim.o(i.TIM_ClearOC1Ref), (18 bytes).
    Removing stm32f10x_tim.o(i.TIM_ClearOC2Ref), (24 bytes).
    Removing stm32f10x_tim.o(i.TIM_ClearOC3Ref), (18 bytes).
    Removing stm32f10x_tim.o(i.TIM_ClearOC4Ref), (24 bytes).
    Removing stm32f10x_tim.o(i.TIM_CounterModeConfig), (18 bytes).
    Removing stm32f10x_tim.o(i.TIM_CtrlPWMOutputs), (30 bytes).
    Removing stm32f10x_tim.o(i.TIM_DMACmd), (18 bytes).
    Removing stm32f10x_tim.o(i.TIM_DMAConfig), (10 bytes).
    Removing stm32f10x_tim.o(i.TIM_DeInit), (488 bytes).
    Removing stm32f10x_tim.o(i.TIM_ETRClockMode1Config), (54 bytes).
    Removing stm32f10x_tim.o(i.TIM_ETRClockMode2Config), (32 bytes).
    Removing stm32f10x_tim.o(i.TIM_ETRConfig), (28 bytes).
    Removing stm32f10x_tim.o(i.TIM_EncoderInterfaceConfig), (66 bytes).
    Removing stm32f10x_tim.o(i.TIM_ForcedOC1Config), (18 bytes).
    Removing stm32f10x_tim.o(i.TIM_ForcedOC2Config), (26 bytes).
    Removing stm32f10x_tim.o(i.TIM_ForcedOC3Config), (18 bytes).
    Removing stm32f10x_tim.o(i.TIM_ForcedOC4Config), (26 bytes).
    Removing stm32f10x_tim.o(i.TIM_GenerateEvent), (4 bytes).
    Removing stm32f10x_tim.o(i.TIM_GetCapture1), (6 bytes).
    Removing stm32f10x_tim.o(i.TIM_GetCapture2), (6 bytes).
    Removing stm32f10x_tim.o(i.TIM_GetCapture3), (6 bytes).
    Removing stm32f10x_tim.o(i.TIM_GetCapture4), (8 bytes).
    Removing stm32f10x_tim.o(i.TIM_GetCounter), (6 bytes).
    Removing stm32f10x_tim.o(i.TIM_GetFlagStatus), (18 bytes).
    Removing stm32f10x_tim.o(i.TIM_GetPrescaler), (6 bytes).
    Removing stm32f10x_tim.o(i.TIM_ICInit), (172 bytes).
    Removing stm32f10x_tim.o(i.TIM_ICStructInit), (18 bytes).
    Removing stm32f10x_tim.o(i.TIM_ITRxExternalClockConfig), (24 bytes).
    Removing stm32f10x_tim.o(i.TIM_InternalClockConfig), (12 bytes).
    Removing stm32f10x_tim.o(i.TIM_OC1FastConfig), (18 bytes).
    Removing stm32f10x_tim.o(i.TIM_OC1Init), (152 bytes).
    Removing stm32f10x_tim.o(i.TIM_OC1NPolarityConfig), (18 bytes).
    Removing stm32f10x_tim.o(i.TIM_OC1PolarityConfig), (18 bytes).
    Removing stm32f10x_tim.o(i.TIM_OC1PreloadConfig), (18 bytes).
    Removing stm32f10x_tim.o(i.TIM_OC2FastConfig), (26 bytes).
    Removing stm32f10x_tim.o(i.TIM_OC2Init), (164 bytes).
    Removing stm32f10x_tim.o(i.TIM_OC2NPolarityConfig), (26 bytes).
    Removing stm32f10x_tim.o(i.TIM_OC2PolarityConfig), (26 bytes).
    Removing stm32f10x_tim.o(i.TIM_OC2PreloadConfig), (26 bytes).
    Removing stm32f10x_tim.o(i.TIM_OC3FastConfig), (18 bytes).
    Removing stm32f10x_tim.o(i.TIM_OC3Init), (160 bytes).
    Removing stm32f10x_tim.o(i.TIM_OC3NPolarityConfig), (26 bytes).
    Removing stm32f10x_tim.o(i.TIM_OC3PolarityConfig), (26 bytes).
    Removing stm32f10x_tim.o(i.TIM_OC3PreloadConfig), (18 bytes).
    Removing stm32f10x_tim.o(i.TIM_OC4FastConfig), (26 bytes).
    Removing stm32f10x_tim.o(i.TIM_OC4Init), (124 bytes).
    Removing stm32f10x_tim.o(i.TIM_OC4PolarityConfig), (26 bytes).
    Removing stm32f10x_tim.o(i.TIM_OC4PreloadConfig), (26 bytes).
    Removing stm32f10x_tim.o(i.TIM_OCStructInit), (20 bytes).
    Removing stm32f10x_tim.o(i.TIM_PWMIConfig), (124 bytes).
    Removing stm32f10x_tim.o(i.TIM_PrescalerConfig), (6 bytes).
    Removing stm32f10x_tim.o(i.TIM_SelectCCDMA), (24 bytes).
    Removing stm32f10x_tim.o(i.TIM_SelectCOM), (24 bytes).
    Removing stm32f10x_tim.o(i.TIM_SelectHallSensor), (24 bytes).
    Removing stm32f10x_tim.o(i.TIM_SelectInputTrigger), (18 bytes).
    Removing stm32f10x_tim.o(i.TIM_SelectMasterSlaveMode), (18 bytes).
    Removing stm32f10x_tim.o(i.TIM_SelectOCxM), (82 bytes).
    Removing stm32f10x_tim.o(i.TIM_SelectOnePulseMode), (18 bytes).
    Removing stm32f10x_tim.o(i.TIM_SelectOutputTrigger), (18 bytes).
    Removing stm32f10x_tim.o(i.TIM_SelectSlaveMode), (18 bytes).
    Removing stm32f10x_tim.o(i.TIM_SetAutoreload), (4 bytes).
    Removing stm32f10x_tim.o(i.TIM_SetClockDivision), (18 bytes).
    Removing stm32f10x_tim.o(i.TIM_SetCompare1), (4 bytes).
    Removing stm32f10x_tim.o(i.TIM_SetCompare2), (4 bytes).
    Removing stm32f10x_tim.o(i.TIM_SetCompare3), (4 bytes).
    Removing stm32f10x_tim.o(i.TIM_SetCompare4), (6 bytes).
    Removing stm32f10x_tim.o(i.TIM_SetCounter), (4 bytes).
    Removing stm32f10x_tim.o(i.TIM_SetIC1Prescaler), (18 bytes).
    Removing stm32f10x_tim.o(i.TIM_SetIC2Prescaler), (26 bytes).
    Removing stm32f10x_tim.o(i.TIM_SetIC3Prescaler), (18 bytes).
    Removing stm32f10x_tim.o(i.TIM_SetIC4Prescaler), (26 bytes).
    Removing stm32f10x_tim.o(i.TIM_TIxExternalClockConfig), (62 bytes).
    Removing stm32f10x_tim.o(i.TIM_TimeBaseStructInit), (18 bytes).
    Removing stm32f10x_tim.o(i.TIM_UpdateDisableConfig), (24 bytes).
    Removing stm32f10x_tim.o(i.TIM_UpdateRequestConfig), (24 bytes).
    Removing stm32f10x_usart.o(i.USART_ClearITPendingBit), (30 bytes).
    Removing stm32f10x_usart.o(i.USART_ClockInit), (34 bytes).
    Removing stm32f10x_usart.o(i.USART_ClockStructInit), (12 bytes).
    Removing stm32f10x_usart.o(i.USART_DMACmd), (18 bytes).
    Removing stm32f10x_usart.o(i.USART_DeInit), (156 bytes).
    Removing stm32f10x_usart.o(i.USART_GetITStatus), (84 bytes).
    Removing stm32f10x_usart.o(i.USART_HalfDuplexCmd), (24 bytes).
    Removing stm32f10x_usart.o(i.USART_IrDACmd), (24 bytes).
    Removing stm32f10x_usart.o(i.USART_IrDAConfig), (18 bytes).
    Removing stm32f10x_usart.o(i.USART_LINBreakDetectLengthConfig), (18 bytes).
    Removing stm32f10x_usart.o(i.USART_LINCmd), (24 bytes).
    Removing stm32f10x_usart.o(i.USART_OneBitMethodCmd), (24 bytes).
    Removing stm32f10x_usart.o(i.USART_OverSampling8Cmd), (22 bytes).
    Removing stm32f10x_usart.o(i.USART_ReceiverWakeUpCmd), (24 bytes).
    Removing stm32f10x_usart.o(i.USART_SendBreak), (10 bytes).
    Removing stm32f10x_usart.o(i.USART_SetAddress), (18 bytes).
    Removing stm32f10x_usart.o(i.USART_SetGuardTime), (16 bytes).
    Removing stm32f10x_usart.o(i.USART_SetPrescaler), (16 bytes).
    Removing stm32f10x_usart.o(i.USART_SmartCardCmd), (24 bytes).
    Removing stm32f10x_usart.o(i.USART_SmartCardNACKCmd), (24 bytes).
    Removing stm32f10x_usart.o(i.USART_StructInit), (24 bytes).
    Removing stm32f10x_usart.o(i.USART_WakeUpConfig), (18 bytes).
    Removing stm32f10x_wwdg.o(i.WWDG_ClearFlag), (12 bytes).
    Removing stm32f10x_wwdg.o(i.WWDG_DeInit), (22 bytes).
    Removing stm32f10x_wwdg.o(i.WWDG_Enable), (16 bytes).
    Removing stm32f10x_wwdg.o(i.WWDG_EnableIT), (12 bytes).
    Removing stm32f10x_wwdg.o(i.WWDG_GetFlagStatus), (12 bytes).
    Removing stm32f10x_wwdg.o(i.WWDG_SetCounter), (16 bytes).
    Removing stm32f10x_wwdg.o(i.WWDG_SetPrescaler), (24 bytes).
    Removing stm32f10x_wwdg.o(i.WWDG_SetWindowValue), (40 bytes).
    Removing main.o(i.Delay), (10 bytes).
    Removing main.o(i.SYSCLKConfig_STOP), (58 bytes).
    Removing delay.o(i.SysTick_Delay_Us), (72 bytes).
    Removing sys.o(i.NVIC_Configuration), (84 bytes).
    Removing flash.o(i.Flash_Read), (40 bytes).
    Removing flash.o(i.InternalFlash_Test), (132 bytes).
    Removing flash.o(i.WriteProtect_Release), (68 bytes).
    Removing flash.o(.bss), (24 bytes).
    Removing zigbee.o(i.Zig_Set), (2 bytes).

440 unused section(s) (total 17464 bytes) removed from the image.

==============================================================================

Image Symbol Table

    Local Symbols

    Symbol Name                              Value     Ov Type        Size  Object(Section)

    ../clib/angel/boardlib.s                 0x00000000   Number         0  boardshut.o ABSOLUTE
    ../clib/angel/boardlib.s                 0x00000000   Number         0  boardinit1.o ABSOLUTE
    ../clib/angel/boardlib.s                 0x00000000   Number         0  boardinit2.o ABSOLUTE
    ../clib/angel/boardlib.s                 0x00000000   Number         0  boardinit3.o ABSOLUTE
    ../clib/angel/dczerorl2.s                0x00000000   Number         0  __dczerorl2.o ABSOLUTE
    ../clib/angel/handlers.s                 0x00000000   Number         0  __scatter_zi.o ABSOLUTE
    ../clib/angel/kernel.s                   0x00000000   Number         0  __rtentry2.o ABSOLUTE
    ../clib/angel/kernel.s                   0x00000000   Number         0  rtexit.o ABSOLUTE
    ../clib/angel/kernel.s                   0x00000000   Number         0  rtexit2.o ABSOLUTE
    ../clib/angel/kernel.s                   0x00000000   Number         0  __rtentry4.o ABSOLUTE
    ../clib/angel/kernel.s                   0x00000000   Number         0  __rtentry.o ABSOLUTE
    ../clib/angel/rt.s                       0x00000000   Number         0  rt_raise.o ABSOLUTE
    ../clib/angel/scatter.s                  0x00000000   Number         0  __scatter.o ABSOLUTE
    ../clib/angel/startup.s                  0x00000000   Number         0  __main.o ABSOLUTE
    ../clib/angel/sys.s                      0x00000000   Number         0  libspace.o ABSOLUTE
    ../clib/angel/sys.s                      0x00000000   Number         0  use_no_semi.o ABSOLUTE
    ../clib/angel/sys.s                      0x00000000   Number         0  sys_stackheap_outer.o ABSOLUTE
    ../clib/angel/sys.s                      0x00000000   Number         0  indicate_semi.o ABSOLUTE
    ../clib/angel/sysapp.c                   0x00000000   Number         0  sys_wrch.o ABSOLUTE
    ../clib/angel/sysapp.c                   0x00000000   Number         0  sys_exit.o ABSOLUTE
    ../clib/angel/sysapp.c                   0x00000000   Number         0  sys_command.o ABSOLUTE
    ../clib/armsys.c                         0x00000000   Number         0  argv_veneer.o ABSOLUTE
    ../clib/armsys.c                         0x00000000   Number         0  _get_argv_nomalloc.o ABSOLUTE
    ../clib/armsys.c                         0x00000000   Number         0  no_argv.o ABSOLUTE
    ../clib/armsys.c                         0x00000000   Number         0  argv_veneer.o ABSOLUTE
    ../clib/heapalloc.c                      0x00000000   Number         0  hrguard.o ABSOLUTE
    ../clib/heapaux.c                        0x00000000   Number         0  heapauxi.o ABSOLUTE
    ../clib/libinit.s                        0x00000000   Number         0  libshutdown2.o ABSOLUTE
    ../clib/libinit.s                        0x00000000   Number         0  libinit.o ABSOLUTE
    ../clib/libinit.s                        0x00000000   Number         0  libshutdown.o ABSOLUTE
    ../clib/libinit.s                        0x00000000   Number         0  libinit2.o ABSOLUTE
    ../clib/memcpset.s                       0x00000000   Number         0  rt_memcpy_w.o ABSOLUTE
    ../clib/memcpset.s                       0x00000000   Number         0  rt_memcpy_v6.o ABSOLUTE
    ../clib/signal.c                         0x00000000   Number         0  defsig_rtmem_formal.o ABSOLUTE
    ../clib/signal.c                         0x00000000   Number         0  defsig_rtmem_outer.o ABSOLUTE
    ../clib/signal.c                         0x00000000   Number         0  defsig_exit.o ABSOLUTE
    ../clib/signal.c                         0x00000000   Number         0  defsig_stak_inner.o ABSOLUTE
    ../clib/signal.c                         0x00000000   Number         0  defsig_other.o ABSOLUTE
    ../clib/signal.c                         0x00000000   Number         0  defsig_segv_inner.o ABSOLUTE
    ../clib/signal.c                         0x00000000   Number         0  defsig_cppl_inner.o ABSOLUTE
    ../clib/signal.c                         0x00000000   Number         0  defsig_pvfn_inner.o ABSOLUTE
    ../clib/signal.c                         0x00000000   Number         0  defsig_rtred_inner.o ABSOLUTE
    ../clib/signal.c                         0x00000000   Number         0  defsig_fpe_inner.o ABSOLUTE
    ../clib/signal.c                         0x00000000   Number         0  defsig_abrt_inner.o ABSOLUTE
    ../clib/signal.c                         0x00000000   Number         0  defsig_general.o ABSOLUTE
    ../clib/signal.c                         0x00000000   Number         0  __raise.o ABSOLUTE
    ../clib/signal.c                         0x00000000   Number         0  defsig_rtmem_inner.o ABSOLUTE
    ../clib/signal.s                         0x00000000   Number         0  defsig.o ABSOLUTE
    ../clib/stdlib.c                         0x00000000   Number         0  exit.o ABSOLUTE
    ../fplib/fpinit.s                        0x00000000   Number         0  fpinit.o ABSOLUTE
    ..\Libraries\CMSIS\CM3\CoreSupport\core_cm3.c 0x00000000   Number         0  core_cm3.o ABSOLUTE
    ..\Libraries\CMSIS\CM3\DeviceSupport\ST\STM32F10x\startup\arm\startup_stm32f10x_md.s 0x00000000   Number         0  startup_stm32f10x_md.o ABSOLUTE
    ..\Libraries\CMSIS\CM3\DeviceSupport\ST\STM32F10x\system_stm32f10x.c 0x00000000   Number         0  system_stm32f10x.o ABSOLUTE
    ..\Libraries\STM32F10x_StdPeriph_Driver\src\misc.c 0x00000000   Number         0  misc.o ABSOLUTE
    ..\Libraries\STM32F10x_StdPeriph_Driver\src\stm32f10x_adc.c 0x00000000   Number         0  stm32f10x_adc.o ABSOLUTE
    ..\Libraries\STM32F10x_StdPeriph_Driver\src\stm32f10x_bkp.c 0x00000000   Number         0  stm32f10x_bkp.o ABSOLUTE
    ..\Libraries\STM32F10x_StdPeriph_Driver\src\stm32f10x_can.c 0x00000000   Number         0  stm32f10x_can.o ABSOLUTE
    ..\Libraries\STM32F10x_StdPeriph_Driver\src\stm32f10x_cec.c 0x00000000   Number         0  stm32f10x_cec.o ABSOLUTE
    ..\Libraries\STM32F10x_StdPeriph_Driver\src\stm32f10x_crc.c 0x00000000   Number         0  stm32f10x_crc.o ABSOLUTE
    ..\Libraries\STM32F10x_StdPeriph_Driver\src\stm32f10x_dac.c 0x00000000   Number         0  stm32f10x_dac.o ABSOLUTE
    ..\Libraries\STM32F10x_StdPeriph_Driver\src\stm32f10x_dbgmcu.c 0x00000000   Number         0  stm32f10x_dbgmcu.o ABSOLUTE
    ..\Libraries\STM32F10x_StdPeriph_Driver\src\stm32f10x_dma.c 0x00000000   Number         0  stm32f10x_dma.o ABSOLUTE
    ..\Libraries\STM32F10x_StdPeriph_Driver\src\stm32f10x_exti.c 0x00000000   Number         0  stm32f10x_exti.o ABSOLUTE
    ..\Libraries\STM32F10x_StdPeriph_Driver\src\stm32f10x_flash.c 0x00000000   Number         0  stm32f10x_flash.o ABSOLUTE
    ..\Libraries\STM32F10x_StdPeriph_Driver\src\stm32f10x_fsmc.c 0x00000000   Number         0  stm32f10x_fsmc.o ABSOLUTE
    ..\Libraries\STM32F10x_StdPeriph_Driver\src\stm32f10x_gpio.c 0x00000000   Number         0  stm32f10x_gpio.o ABSOLUTE
    ..\Libraries\STM32F10x_StdPeriph_Driver\src\stm32f10x_i2c.c 0x00000000   Number         0  stm32f10x_i2c.o ABSOLUTE
    ..\Libraries\STM32F10x_StdPeriph_Driver\src\stm32f10x_iwdg.c 0x00000000   Number         0  stm32f10x_iwdg.o ABSOLUTE
    ..\Libraries\STM32F10x_StdPeriph_Driver\src\stm32f10x_pwr.c 0x00000000   Number         0  stm32f10x_pwr.o ABSOLUTE
    ..\Libraries\STM32F10x_StdPeriph_Driver\src\stm32f10x_rcc.c 0x00000000   Number         0  stm32f10x_rcc.o ABSOLUTE
    ..\Libraries\STM32F10x_StdPeriph_Driver\src\stm32f10x_rtc.c 0x00000000   Number         0  stm32f10x_rtc.o ABSOLUTE
    ..\Libraries\STM32F10x_StdPeriph_Driver\src\stm32f10x_sdio.c 0x00000000   Number         0  stm32f10x_sdio.o ABSOLUTE
    ..\Libraries\STM32F10x_StdPeriph_Driver\src\stm32f10x_spi.c 0x00000000   Number         0  stm32f10x_spi.o ABSOLUTE
    ..\Libraries\STM32F10x_StdPeriph_Driver\src\stm32f10x_tim.c 0x00000000   Number         0  stm32f10x_tim.o ABSOLUTE
    ..\Libraries\STM32F10x_StdPeriph_Driver\src\stm32f10x_usart.c 0x00000000   Number         0  stm32f10x_usart.o ABSOLUTE
    ..\Libraries\STM32F10x_StdPeriph_Driver\src\stm32f10x_wwdg.c 0x00000000   Number         0  stm32f10x_wwdg.o ABSOLUTE
    ..\User\delay.c                          0x00000000   Number         0  delay.o ABSOLUTE
    ..\User\exti.c                           0x00000000   Number         0  exti.o ABSOLUTE
    ..\User\flash.c                          0x00000000   Number         0  flash.o ABSOLUTE
    ..\User\idworld.c                        0x00000000   Number         0  idworld.o ABSOLUTE
    ..\User\main.c                           0x00000000   Number         0  main.o ABSOLUTE
    ..\User\port.c                           0x00000000   Number         0  port.o ABSOLUTE
    ..\User\stm32f10x_it.c                   0x00000000   Number         0  stm32f10x_it.o ABSOLUTE
    ..\User\sys.c                            0x00000000   Number         0  sys.o ABSOLUTE
    ..\User\timer.c                          0x00000000   Number         0  timer.o ABSOLUTE
    ..\User\usart.c                          0x00000000   Number         0  usart.o ABSOLUTE
    ..\User\wt5700.c                         0x00000000   Number         0  wt5700.o ABSOLUTE
    ..\User\zigbee.c                         0x00000000   Number         0  zigbee.o ABSOLUTE
    ..\\Libraries\\CMSIS\\CM3\\CoreSupport\\core_cm3.c 0x00000000   Number         0  core_cm3.o ABSOLUTE
    dc.s                                     0x00000000   Number         0  dc.o ABSOLUTE
    RESET                                    0x08000000   Section      236  startup_stm32f10x_md.o(RESET)
    !!!main                                  0x080000ec   Section        8  __main.o(!!!main)
    !!!scatter                               0x080000f4   Section       52  __scatter.o(!!!scatter)
    !!dczerorl2                              0x08000128   Section       90  __dczerorl2.o(!!dczerorl2)
    !!handler_zi                             0x08000184   Section       28  __scatter_zi.o(!!handler_zi)
    .ARM.Collect$$libinit$$00000000          0x080001a0   Section        2  libinit.o(.ARM.Collect$$libinit$$00000000)
    .ARM.Collect$$libinit$$00000002          0x080001a2   Section        0  libinit2.o(.ARM.Collect$$libinit$$00000002)
    .ARM.Collect$$libinit$$00000004          0x080001a2   Section        0  libinit2.o(.ARM.Collect$$libinit$$00000004)
    .ARM.Collect$$libinit$$0000000A          0x080001a2   Section        0  libinit2.o(.ARM.Collect$$libinit$$0000000A)
    .ARM.Collect$$libinit$$0000000C          0x080001a2   Section        0  libinit2.o(.ARM.Collect$$libinit$$0000000C)
    .ARM.Collect$$libinit$$0000000E          0x080001a2   Section        0  libinit2.o(.ARM.Collect$$libinit$$0000000E)
    .ARM.Collect$$libinit$$00000011          0x080001a2   Section        0  libinit2.o(.ARM.Collect$$libinit$$00000011)
    .ARM.Collect$$libinit$$00000013          0x080001a2   Section        0  libinit2.o(.ARM.Collect$$libinit$$00000013)
    .ARM.Collect$$libinit$$00000015          0x080001a2   Section        0  libinit2.o(.ARM.Collect$$libinit$$00000015)
    .ARM.Collect$$libinit$$00000017          0x080001a2   Section        0  libinit2.o(.ARM.Collect$$libinit$$00000017)
    .ARM.Collect$$libinit$$00000019          0x080001a2   Section        0  libinit2.o(.ARM.Collect$$libinit$$00000019)
    .ARM.Collect$$libinit$$0000001B          0x080001a2   Section        0  libinit2.o(.ARM.Collect$$libinit$$0000001B)
    .ARM.Collect$$libinit$$0000001D          0x080001a2   Section        0  libinit2.o(.ARM.Collect$$libinit$$0000001D)
    .ARM.Collect$$libinit$$0000001F          0x080001a2   Section        0  libinit2.o(.ARM.Collect$$libinit$$0000001F)
    .ARM.Collect$$libinit$$00000021          0x080001a2   Section        0  libinit2.o(.ARM.Collect$$libinit$$00000021)
    .ARM.Collect$$libinit$$00000023          0x080001a2   Section        0  libinit2.o(.ARM.Collect$$libinit$$00000023)
    .ARM.Collect$$libinit$$00000025          0x080001a2   Section        0  libinit2.o(.ARM.Collect$$libinit$$00000025)
    .ARM.Collect$$libinit$$0000002C          0x080001a2   Section        0  libinit2.o(.ARM.Collect$$libinit$$0000002C)
    .ARM.Collect$$libinit$$0000002E          0x080001a2   Section        0  libinit2.o(.ARM.Collect$$libinit$$0000002E)
    .ARM.Collect$$libinit$$00000030          0x080001a2   Section        0  libinit2.o(.ARM.Collect$$libinit$$00000030)
    .ARM.Collect$$libinit$$00000032          0x080001a2   Section        0  libinit2.o(.ARM.Collect$$libinit$$00000032)
    .ARM.Collect$$libinit$$00000033          0x080001a2   Section        2  libinit2.o(.ARM.Collect$$libinit$$00000033)
    .ARM.Collect$$libshutdown$$00000000      0x080001a4   Section        2  libshutdown.o(.ARM.Collect$$libshutdown$$00000000)
    .ARM.Collect$$libshutdown$$00000002      0x080001a6   Section        0  libshutdown2.o(.ARM.Collect$$libshutdown$$00000002)
    .ARM.Collect$$libshutdown$$00000004      0x080001a6   Section        0  libshutdown2.o(.ARM.Collect$$libshutdown$$00000004)
    .ARM.Collect$$libshutdown$$00000007      0x080001a6   Section        0  libshutdown2.o(.ARM.Collect$$libshutdown$$00000007)
    .ARM.Collect$$libshutdown$$0000000A      0x080001a6   Section        0  libshutdown2.o(.ARM.Collect$$libshutdown$$0000000A)
    .ARM.Collect$$libshutdown$$0000000C      0x080001a6   Section        0  libshutdown2.o(.ARM.Collect$$libshutdown$$0000000C)
    .ARM.Collect$$libshutdown$$0000000F      0x080001a6   Section        0  libshutdown2.o(.ARM.Collect$$libshutdown$$0000000F)
    .ARM.Collect$$libshutdown$$00000010      0x080001a6   Section        2  libshutdown2.o(.ARM.Collect$$libshutdown$$00000010)
    .ARM.Collect$$rtentry$$00000000          0x080001a8   Section        0  __rtentry.o(.ARM.Collect$$rtentry$$00000000)
    .ARM.Collect$$rtentry$$00000002          0x080001a8   Section        0  __rtentry2.o(.ARM.Collect$$rtentry$$00000002)
    .ARM.Collect$$rtentry$$00000004          0x080001a8   Section        6  __rtentry4.o(.ARM.Collect$$rtentry$$00000004)
    .ARM.Collect$$rtentry$$00000009          0x080001ae   Section        0  __rtentry2.o(.ARM.Collect$$rtentry$$00000009)
    .ARM.Collect$$rtentry$$0000000A          0x080001ae   Section        4  __rtentry2.o(.ARM.Collect$$rtentry$$0000000A)
    .ARM.Collect$$rtentry$$0000000C          0x080001b2   Section        0  __rtentry2.o(.ARM.Collect$$rtentry$$0000000C)
    .ARM.Collect$$rtentry$$0000000D          0x080001b2   Section        8  __rtentry2.o(.ARM.Collect$$rtentry$$0000000D)
    .ARM.Collect$$rtexit$$00000000           0x080001ba   Section        2  rtexit.o(.ARM.Collect$$rtexit$$00000000)
    .ARM.Collect$$rtexit$$00000002           0x080001bc   Section        0  rtexit2.o(.ARM.Collect$$rtexit$$00000002)
    .ARM.Collect$$rtexit$$00000003           0x080001bc   Section        4  rtexit2.o(.ARM.Collect$$rtexit$$00000003)
    .ARM.Collect$$rtexit$$00000004           0x080001c0   Section        6  rtexit2.o(.ARM.Collect$$rtexit$$00000004)
    .text                                    0x080001c8   Section       64  startup_stm32f10x_md.o(.text)
    .text                                    0x08000208   Section      138  rt_memcpy_v6.o(.text)
    .text                                    0x08000292   Section        0  heapauxi.o(.text)
    .text                                    0x08000298   Section      100  rt_memcpy_w.o(.text)
    .text                                    0x080002fc   Section       74  sys_stackheap_outer.o(.text)
    .text                                    0x08000346   Section        0  exit.o(.text)
    .text                                    0x08000358   Section        8  libspace.o(.text)
    .text                                    0x08000360   Section        0  sys_exit.o(.text)
    .text                                    0x0800036c   Section        2  use_no_semi.o(.text)
    .text                                    0x0800036e   Section        0  indicate_semi.o(.text)
    i.Add_FingerPrint                        0x08000370   Section        0  main.o(i.Add_FingerPrint)
    i.BusFault_Handler                       0x08000674   Section        0  stm32f10x_it.o(i.BusFault_Handler)
    i.Buzzer                                 0x08000678   Section        0  main.o(i.Buzzer)
    i.COM_TIM_Config                         0x080006b4   Section        0  timer.o(i.COM_TIM_Config)
    i.COM_TIM_NVIC_Config                    0x08000700   Section        0  timer.o(i.COM_TIM_NVIC_Config)
    i.Change_PWD                             0x0800072c   Section        0  main.o(i.Change_PWD)
    i.Command_Event                          0x080007b0   Section        0  main.o(i.Command_Event)
    i.DebugMon_Handler                       0x08000890   Section        0  stm32f10x_it.o(i.DebugMon_Handler)
    i.Decode_Input                           0x08000894   Section        0  main.o(i.Decode_Input)
    i.EXTI0_IRQHandler                       0x08000940   Section        0  exti.o(i.EXTI0_IRQHandler)
    i.EXTI1_IRQHandler                       0x0800095c   Section        0  exti.o(i.EXTI1_IRQHandler)
    i.EXTI_ClearITPendingBit                 0x08000978   Section        0  stm32f10x_exti.o(i.EXTI_ClearITPendingBit)
    i.EXTI_Config                            0x08000984   Section        0  exti.o(i.EXTI_Config)
    i.EXTI_GetITStatus                       0x08000a08   Section        0  stm32f10x_exti.o(i.EXTI_GetITStatus)
    i.EXTI_Init                              0x08000a30   Section        0  stm32f10x_exti.o(i.EXTI_Init)
    i.FLASH_ClearFlag                        0x08000ac4   Section        0  stm32f10x_flash.o(i.FLASH_ClearFlag)
    i.FLASH_ErasePage                        0x08000ad0   Section        0  stm32f10x_flash.o(i.FLASH_ErasePage)
    i.FLASH_GetBank1Status                   0x08000b1c   Section        0  stm32f10x_flash.o(i.FLASH_GetBank1Status)
    i.FLASH_Lock                             0x08000b50   Section        0  stm32f10x_flash.o(i.FLASH_Lock)
    i.FLASH_ProgramHalfWord                  0x08000b64   Section        0  stm32f10x_flash.o(i.FLASH_ProgramHalfWord)
    i.FLASH_Unlock                           0x08000ba4   Section        0  stm32f10x_flash.o(i.FLASH_Unlock)
    i.FLASH_WaitForLastOperation             0x08000bbc   Section        0  stm32f10x_flash.o(i.FLASH_WaitForLastOperation)
    i.Finger_Verify                          0x08000be4   Section        0  main.o(i.Finger_Verify)
    i.Flash_Write                            0x08000cd8   Section        0  flash.o(i.Flash_Write)
    i.GPIO_EXTILineConfig                    0x08000d58   Section        0  stm32f10x_gpio.o(i.GPIO_EXTILineConfig)
    i.GPIO_Init                              0x08000d98   Section        0  stm32f10x_gpio.o(i.GPIO_Init)
    i.GPIO_ResetBits                         0x08000eae   Section        0  stm32f10x_gpio.o(i.GPIO_ResetBits)
    i.GPIO_SetBits                           0x08000eb2   Section        0  stm32f10x_gpio.o(i.GPIO_SetBits)
    i.HardFault_Handler                      0x08000eb6   Section        0  stm32f10x_it.o(i.HardFault_Handler)
    i.I2C_AcknowledgeConfig                  0x08000eba   Section        0  stm32f10x_i2c.o(i.I2C_AcknowledgeConfig)
    i.I2C_BufferRead                         0x08000ed4   Section        0  wt5700.o(i.I2C_BufferRead)
    i.I2C_CheckEvent                         0x080010e0   Section        0  stm32f10x_i2c.o(i.I2C_CheckEvent)
    i.I2C_Cmd                                0x0800110a   Section        0  stm32f10x_i2c.o(i.I2C_Cmd)
    i.I2C_GPIO_Config                        0x08001124   Section        0  wt5700.o(i.I2C_GPIO_Config)
    I2C_GPIO_Config                          0x08001125   Thumb Code    72  wt5700.o(i.I2C_GPIO_Config)
    i.I2C_GenerateSTART                      0x08001170   Section        0  stm32f10x_i2c.o(i.I2C_GenerateSTART)
    i.I2C_GenerateSTOP                       0x08001188   Section        0  stm32f10x_i2c.o(i.I2C_GenerateSTOP)
    i.I2C_GetFlagStatus                      0x080011a0   Section        0  stm32f10x_i2c.o(i.I2C_GetFlagStatus)
    i.I2C_Init                               0x080011dc   Section        0  stm32f10x_i2c.o(i.I2C_Init)
    i.I2C_KEYBOARD_ByteWrite                 0x080012c8   Section        0  wt5700.o(i.I2C_KEYBOARD_ByteWrite)
    i.I2C_KEYBOARD_Init                      0x080013fc   Section        0  wt5700.o(i.I2C_KEYBOARD_Init)
    i.I2C_Mode_Config                        0x08001424   Section        0  wt5700.o(i.I2C_Mode_Config)
    I2C_Mode_Config                          0x08001425   Thumb Code    58  wt5700.o(i.I2C_Mode_Config)
    i.I2C_ReceiveData                        0x08001468   Section        0  stm32f10x_i2c.o(i.I2C_ReceiveData)
    i.I2C_Send7bitAddress                    0x08001470   Section        0  stm32f10x_i2c.o(i.I2C_Send7bitAddress)
    i.I2C_SendData                           0x08001482   Section        0  stm32f10x_i2c.o(i.I2C_SendData)
    i.I2C_TIMEOUT_UserCallback               0x08001486   Section        0  wt5700.o(i.I2C_TIMEOUT_UserCallback)
    I2C_TIMEOUT_UserCallback                 0x08001487   Thumb Code     6  wt5700.o(i.I2C_TIMEOUT_UserCallback)
    i.InputClr                               0x0800148c   Section        0  main.o(i.InputClr)
    i.Input_Event                            0x080014b0   Section        0  main.o(i.Input_Event)
    i.Input_Handle                           0x080015dc   Section        0  main.o(i.Input_Handle)
    i.Iot_Handle                             0x08001650   Section        0  main.o(i.Iot_Handle)
    i.Iot_Register                           0x0800172c   Section        0  main.o(i.Iot_Register)
    i.IsContain                              0x080017b0   Section        0  main.o(i.IsContain)
    i.MemManage_Handler                      0x080017e4   Section        0  stm32f10x_it.o(i.MemManage_Handler)
    i.NMI_Handler                            0x080017e8   Section        0  stm32f10x_it.o(i.NMI_Handler)
    i.NVIC_Configuration                     0x080017ea   Section        0  exti.o(i.NVIC_Configuration)
    NVIC_Configuration                       0x080017eb   Thumb Code    50  exti.o(i.NVIC_Configuration)
    i.NVIC_Configuration                     0x0800181c   Section        0  usart.o(i.NVIC_Configuration)
    NVIC_Configuration                       0x0800181d   Thumb Code    56  usart.o(i.NVIC_Configuration)
    i.NVIC_Init                              0x08001854   Section        0  misc.o(i.NVIC_Init)
    i.NVIC_PriorityGroupConfig               0x080018c4   Section        0  misc.o(i.NVIC_PriorityGroupConfig)
    i.PWR_EnterSTOPMode                      0x080018d8   Section        0  stm32f10x_pwr.o(i.PWR_EnterSTOPMode)
    i.PendSV_Handler                         0x08001918   Section        0  stm32f10x_it.o(i.PendSV_Handler)
    i.PortInit                               0x0800191c   Section        0  port.o(i.PortInit)
    i.RCC_APB1PeriphClockCmd                 0x08001980   Section        0  stm32f10x_rcc.o(i.RCC_APB1PeriphClockCmd)
    i.RCC_APB2PeriphClockCmd                 0x080019a0   Section        0  stm32f10x_rcc.o(i.RCC_APB2PeriphClockCmd)
    i.RCC_GetClocksFreq                      0x080019c0   Section        0  stm32f10x_rcc.o(i.RCC_GetClocksFreq)
    i.RxBufClr                               0x08001a94   Section        0  idworld.o(i.RxBufClr)
    i.SEND_CMD_DEL_CHAR                      0x08001ab8   Section        0  idworld.o(i.SEND_CMD_DEL_CHAR)
    i.SEND_CMD_GENERATE0                     0x08001ae0   Section        0  idworld.o(i.SEND_CMD_GENERATE0)
    i.SEND_CMD_GENERATE1                     0x08001b08   Section        0  idworld.o(i.SEND_CMD_GENERATE1)
    i.SEND_CMD_GENERATE2                     0x08001b30   Section        0  idworld.o(i.SEND_CMD_GENERATE2)
    i.SEND_CMD_GET_EMPTY_ID                  0x08001b58   Section        0  idworld.o(i.SEND_CMD_GET_EMPTY_ID)
    i.SEND_CMD_GET_IMAGE                     0x08001b80   Section        0  idworld.o(i.SEND_CMD_GET_IMAGE)
    i.SEND_CMD_MERGE                         0x08001ba8   Section        0  idworld.o(i.SEND_CMD_MERGE)
    i.SEND_CMD_SEARCH                        0x08001bd0   Section        0  idworld.o(i.SEND_CMD_SEARCH)
    i.SEND_CMD_SLED_CTRL                     0x08001bf8   Section        0  idworld.o(i.SEND_CMD_SLED_CTRL)
    i.SEND_CMD_STORE_CHAR                    0x08001c40   Section        0  idworld.o(i.SEND_CMD_STORE_CHAR)
    i.SEND_PREFIX                            0x08001c8c   Section        0  idworld.o(i.SEND_PREFIX)
    i.SVC_Handler                            0x08001cb4   Section        0  stm32f10x_it.o(i.SVC_Handler)
    i.SetSysClock                            0x08001cb6   Section        0  system_stm32f10x.o(i.SetSysClock)
    SetSysClock                              0x08001cb7   Thumb Code     8  system_stm32f10x.o(i.SetSysClock)
    i.SetSysClockTo72                        0x08001cc0   Section        0  system_stm32f10x.o(i.SetSysClockTo72)
    SetSysClockTo72                          0x08001cc1   Thumb Code   214  system_stm32f10x.o(i.SetSysClockTo72)
    i.SysTick_Config                         0x08001da0   Section        0  delay.o(i.SysTick_Config)
    SysTick_Config                           0x08001da1   Thumb Code    76  delay.o(i.SysTick_Config)
    i.SysTick_Delay_Ms                       0x08001df4   Section        0  delay.o(i.SysTick_Delay_Ms)
    i.SysTick_Handler                        0x08001e3c   Section        0  stm32f10x_it.o(i.SysTick_Handler)
    i.SystemInit                             0x08001e40   Section        0  system_stm32f10x.o(i.SystemInit)
    i.TIM2_IRQHandler                        0x08001ea0   Section        0  timer.o(i.TIM2_IRQHandler)
    i.TIM_ClearFlag                          0x08001edc   Section        0  stm32f10x_tim.o(i.TIM_ClearFlag)
    i.TIM_ClearITPendingBit                  0x08001ee2   Section        0  stm32f10x_tim.o(i.TIM_ClearITPendingBit)
    i.TIM_Cmd                                0x08001ee8   Section        0  stm32f10x_tim.o(i.TIM_Cmd)
    i.TIM_GetITStatus                        0x08001f00   Section        0  stm32f10x_tim.o(i.TIM_GetITStatus)
    i.TIM_ITConfig                           0x08001f22   Section        0  stm32f10x_tim.o(i.TIM_ITConfig)
    i.TIM_TimeBaseInit                       0x08001f34   Section        0  stm32f10x_tim.o(i.TIM_TimeBaseInit)
    i.Timer_Init                             0x08001fd8   Section        0  timer.o(i.Timer_Init)
    i.Timer_Start                            0x08001fe4   Section        0  timer.o(i.Timer_Start)
    i.USART1_IRQHandler                      0x08001ff0   Section        0  usart.o(i.USART1_IRQHandler)
    i.USART2_IRQHandler                      0x0800202c   Section        0  usart.o(i.USART2_IRQHandler)
    i.USART_ClearFlag                        0x08002074   Section        0  stm32f10x_usart.o(i.USART_ClearFlag)
    i.USART_Cmd                              0x08002086   Section        0  stm32f10x_usart.o(i.USART_Cmd)
    i.USART_Config                           0x080020a0   Section        0  usart.o(i.USART_Config)
    i.USART_GetFlagStatus                    0x080021ac   Section        0  stm32f10x_usart.o(i.USART_GetFlagStatus)
    i.USART_ITConfig                         0x080021c6   Section        0  stm32f10x_usart.o(i.USART_ITConfig)
    i.USART_Init                             0x08002210   Section        0  stm32f10x_usart.o(i.USART_Init)
    i.USART_ReceiveData                      0x080022e8   Section        0  stm32f10x_usart.o(i.USART_ReceiveData)
    i.USART_SendByte                         0x080022f2   Section        0  usart.o(i.USART_SendByte)
    i.USART_SendData                         0x08002310   Section        0  stm32f10x_usart.o(i.USART_SendData)
    i.UnLock                                 0x08002318   Section        0  main.o(i.UnLock)
    i.UsageFault_Handler                     0x080023a0   Section        0  stm32f10x_it.o(i.UsageFault_Handler)
    i.ZigRxBufClr                            0x080023a4   Section        0  zigbee.o(i.ZigRxBufClr)
    i.Zig_BasicPost                          0x080023cc   Section        0  zigbee.o(i.Zig_BasicPost)
    i.Zig_ReadInfo                           0x08002400   Section        0  zigbee.o(i.Zig_ReadInfo)
    i.main                                   0x08002420   Section        0  main.o(i.main)
    .data                                    0x20000000   Section       20  system_stm32f10x.o(.data)
    .data                                    0x20000014   Section       20  stm32f10x_rcc.o(.data)
    APBAHBPrescTable                         0x20000014   Data          16  stm32f10x_rcc.o(.data)
    ADCPrescTable                            0x20000024   Data           4  stm32f10x_rcc.o(.data)
    .data                                    0x20000028   Section       36  main.o(.data)
    .data                                    0x2000004c   Section        1  exti.o(.data)
    .data                                    0x20000050   Section      241  idworld.o(.data)
    .data                                    0x20000144   Section        4  timer.o(.data)
    .data                                    0x20000148   Section       12  wt5700.o(.data)
    .data                                    0x20000154   Section       69  zigbee.o(.data)
    .bss                                     0x2000019c   Section       32  main.o(.bss)
    .bss                                     0x200001bc   Section       26  idworld.o(.bss)
    .bss                                     0x200001d6   Section       64  zigbee.o(.bss)
    .bss                                     0x20000218   Section       96  libspace.o(.bss)
    HEAP                                     0x20000278   Section      512  startup_stm32f10x_md.o(HEAP)
    Heap_Mem                                 0x20000278   Data         512  startup_stm32f10x_md.o(HEAP)
    STACK                                    0x20000478   Section     1024  startup_stm32f10x_md.o(STACK)
    Stack_Mem                                0x20000478   Data        1024  startup_stm32f10x_md.o(STACK)
    __initial_sp                             0x20000878   Data           0  startup_stm32f10x_md.o(STACK)

    Global Symbols

    Symbol Name                              Value     Ov Type        Size  Object(Section)

    BuildAttributes$$THM_ISAv4$P$D$K$B$S$PE$A:L22UL41UL21$X:L11$S22US41US21$IEEE1$IW$USESV6$~STKCKD$USESV7$~SHL$OSPACE$ROPI$EBA8$UX$STANDARDLIB$REQ8$PRES8$EABIv2 0x00000000   Number         0  anon$$obj.o ABSOLUTE
    __ARM_use_no_argv                        0x00000000   Number         0  main.o ABSOLUTE
    __ARM_exceptions_init                     - Undefined Weak Reference
    __alloca_initialize                       - Undefined Weak Reference
    __arm_preinit_                            - Undefined Weak Reference
    __cpp_initialize__aeabi_                  - Undefined Weak Reference
    __cxa_finalize                            - Undefined Weak Reference
    __rt_locale                               - Undefined Weak Reference
    __sigvec_lookup                           - Undefined Weak Reference
    _atexit_init                              - Undefined Weak Reference
    _call_atexit_fns                          - Undefined Weak Reference
    _clock_init                               - Undefined Weak Reference
    _fp_trap_init                             - Undefined Weak Reference
    _fp_trap_shutdown                         - Undefined Weak Reference
    _get_lc_collate                           - Undefined Weak Reference
    _get_lc_ctype                             - Undefined Weak Reference
    _get_lc_monetary                          - Undefined Weak Reference
    _get_lc_numeric                           - Undefined Weak Reference
    _get_lc_time                              - Undefined Weak Reference
    _getenv_init                              - Undefined Weak Reference
    _handle_redirection                       - Undefined Weak Reference
    _init_alloc                               - Undefined Weak Reference
    _init_user_alloc                          - Undefined Weak Reference
    _initio                                   - Undefined Weak Reference
    _rand_init                                - Undefined Weak Reference
    _signal_finish                            - Undefined Weak Reference
    _signal_init                              - Undefined Weak Reference
    _terminate_alloc                          - Undefined Weak Reference
    _terminate_user_alloc                     - Undefined Weak Reference
    _terminateio                              - Undefined Weak Reference
    __Vectors_Size                           0x000000ec   Number         0  startup_stm32f10x_md.o ABSOLUTE
    __Vectors                                0x08000000   Data           4  startup_stm32f10x_md.o(RESET)
    __Vectors_End                            0x080000ec   Data           0  startup_stm32f10x_md.o(RESET)
    __main                                   0x080000ed   Thumb Code     8  __main.o(!!!main)
    __scatterload                            0x080000f5   Thumb Code     0  __scatter.o(!!!scatter)
    __scatterload_rt2                        0x080000f5   Thumb Code    44  __scatter.o(!!!scatter)
    __scatterload_rt2_thumb_only             0x080000f5   Thumb Code     0  __scatter.o(!!!scatter)
    __scatterload_null                       0x08000103   Thumb Code     0  __scatter.o(!!!scatter)
    __decompress                             0x08000129   Thumb Code    90  __dczerorl2.o(!!dczerorl2)
    __decompress1                            0x08000129   Thumb Code     0  __dczerorl2.o(!!dczerorl2)
    __scatterload_zeroinit                   0x08000185   Thumb Code    28  __scatter_zi.o(!!handler_zi)
    __rt_lib_init                            0x080001a1   Thumb Code     0  libinit.o(.ARM.Collect$$libinit$$00000000)
    __rt_lib_init_alloca_1                   0x080001a3   Thumb Code     0  libinit2.o(.ARM.Collect$$libinit$$0000002E)
    __rt_lib_init_argv_1                     0x080001a3   Thumb Code     0  libinit2.o(.ARM.Collect$$libinit$$0000002C)
    __rt_lib_init_atexit_1                   0x080001a3   Thumb Code     0  libinit2.o(.ARM.Collect$$libinit$$0000001B)
    __rt_lib_init_clock_1                    0x080001a3   Thumb Code     0  libinit2.o(.ARM.Collect$$libinit$$00000021)
    __rt_lib_init_cpp_1                      0x080001a3   Thumb Code     0  libinit2.o(.ARM.Collect$$libinit$$00000032)
    __rt_lib_init_exceptions_1               0x080001a3   Thumb Code     0  libinit2.o(.ARM.Collect$$libinit$$00000030)
    __rt_lib_init_fp_1                       0x080001a3   Thumb Code     0  libinit2.o(.ARM.Collect$$libinit$$00000002)
    __rt_lib_init_fp_trap_1                  0x080001a3   Thumb Code     0  libinit2.o(.ARM.Collect$$libinit$$0000001F)
    __rt_lib_init_getenv_1                   0x080001a3   Thumb Code     0  libinit2.o(.ARM.Collect$$libinit$$00000023)
    __rt_lib_init_heap_1                     0x080001a3   Thumb Code     0  libinit2.o(.ARM.Collect$$libinit$$0000000A)
    __rt_lib_init_lc_collate_1               0x080001a3   Thumb Code     0  libinit2.o(.ARM.Collect$$libinit$$00000011)
    __rt_lib_init_lc_ctype_1                 0x080001a3   Thumb Code     0  libinit2.o(.ARM.Collect$$libinit$$00000013)
    __rt_lib_init_lc_monetary_1              0x080001a3   Thumb Code     0  libinit2.o(.ARM.Collect$$libinit$$00000015)
    __rt_lib_init_lc_numeric_1               0x080001a3   Thumb Code     0  libinit2.o(.ARM.Collect$$libinit$$00000017)
    __rt_lib_init_lc_time_1                  0x080001a3   Thumb Code     0  libinit2.o(.ARM.Collect$$libinit$$00000019)
    __rt_lib_init_preinit_1                  0x080001a3   Thumb Code     0  libinit2.o(.ARM.Collect$$libinit$$00000004)
    __rt_lib_init_rand_1                     0x080001a3   Thumb Code     0  libinit2.o(.ARM.Collect$$libinit$$0000000E)
    __rt_lib_init_return                     0x080001a3   Thumb Code     0  libinit2.o(.ARM.Collect$$libinit$$00000033)
    __rt_lib_init_signal_1                   0x080001a3   Thumb Code     0  libinit2.o(.ARM.Collect$$libinit$$0000001D)
    __rt_lib_init_stdio_1                    0x080001a3   Thumb Code     0  libinit2.o(.ARM.Collect$$libinit$$00000025)
    __rt_lib_init_user_alloc_1               0x080001a3   Thumb Code     0  libinit2.o(.ARM.Collect$$libinit$$0000000C)
    __rt_lib_shutdown                        0x080001a5   Thumb Code     0  libshutdown.o(.ARM.Collect$$libshutdown$$00000000)
    __rt_lib_shutdown_cpp_1                  0x080001a7   Thumb Code     0  libshutdown2.o(.ARM.Collect$$libshutdown$$00000002)
    __rt_lib_shutdown_fp_trap_1              0x080001a7   Thumb Code     0  libshutdown2.o(.ARM.Collect$$libshutdown$$00000007)
    __rt_lib_shutdown_heap_1                 0x080001a7   Thumb Code     0  libshutdown2.o(.ARM.Collect$$libshutdown$$0000000F)
    __rt_lib_shutdown_return                 0x080001a7   Thumb Code     0  libshutdown2.o(.ARM.Collect$$libshutdown$$00000010)
    __rt_lib_shutdown_signal_1               0x080001a7   Thumb Code     0  libshutdown2.o(.ARM.Collect$$libshutdown$$0000000A)
    __rt_lib_shutdown_stdio_1                0x080001a7   Thumb Code     0  libshutdown2.o(.ARM.Collect$$libshutdown$$00000004)
    __rt_lib_shutdown_user_alloc_1           0x080001a7   Thumb Code     0  libshutdown2.o(.ARM.Collect$$libshutdown$$0000000C)
    __rt_entry                               0x080001a9   Thumb Code     0  __rtentry.o(.ARM.Collect$$rtentry$$00000000)
    __rt_entry_presh_1                       0x080001a9   Thumb Code     0  __rtentry2.o(.ARM.Collect$$rtentry$$00000002)
    __rt_entry_sh                            0x080001a9   Thumb Code     0  __rtentry4.o(.ARM.Collect$$rtentry$$00000004)
    __rt_entry_li                            0x080001af   Thumb Code     0  __rtentry2.o(.ARM.Collect$$rtentry$$0000000A)
    __rt_entry_postsh_1                      0x080001af   Thumb Code     0  __rtentry2.o(.ARM.Collect$$rtentry$$00000009)
    __rt_entry_main                          0x080001b3   Thumb Code     0  __rtentry2.o(.ARM.Collect$$rtentry$$0000000D)
    __rt_entry_postli_1                      0x080001b3   Thumb Code     0  __rtentry2.o(.ARM.Collect$$rtentry$$0000000C)
    __rt_exit                                0x080001bb   Thumb Code     0  rtexit.o(.ARM.Collect$$rtexit$$00000000)
    __rt_exit_ls                             0x080001bd   Thumb Code     0  rtexit2.o(.ARM.Collect$$rtexit$$00000003)
    __rt_exit_prels_1                        0x080001bd   Thumb Code     0  rtexit2.o(.ARM.Collect$$rtexit$$00000002)
    __rt_exit_exit                           0x080001c1   Thumb Code     0  rtexit2.o(.ARM.Collect$$rtexit$$00000004)
    Reset_Handler                            0x080001c9   Thumb Code     8  startup_stm32f10x_md.o(.text)
    ADC1_2_IRQHandler                        0x080001e3   Thumb Code     0  startup_stm32f10x_md.o(.text)
    CAN1_RX1_IRQHandler                      0x080001e3   Thumb Code     0  startup_stm32f10x_md.o(.text)
    CAN1_SCE_IRQHandler                      0x080001e3   Thumb Code     0  startup_stm32f10x_md.o(.text)
    DMA1_Channel1_IRQHandler                 0x080001e3   Thumb Code     0  startup_stm32f10x_md.o(.text)
    DMA1_Channel2_IRQHandler                 0x080001e3   Thumb Code     0  startup_stm32f10x_md.o(.text)
    DMA1_Channel3_IRQHandler                 0x080001e3   Thumb Code     0  startup_stm32f10x_md.o(.text)
    DMA1_Channel4_IRQHandler                 0x080001e3   Thumb Code     0  startup_stm32f10x_md.o(.text)
    DMA1_Channel5_IRQHandler                 0x080001e3   Thumb Code     0  startup_stm32f10x_md.o(.text)
    DMA1_Channel6_IRQHandler                 0x080001e3   Thumb Code     0  startup_stm32f10x_md.o(.text)
    DMA1_Channel7_IRQHandler                 0x080001e3   Thumb Code     0  startup_stm32f10x_md.o(.text)
    EXTI15_10_IRQHandler                     0x080001e3   Thumb Code     0  startup_stm32f10x_md.o(.text)
    EXTI2_IRQHandler                         0x080001e3   Thumb Code     0  startup_stm32f10x_md.o(.text)
    EXTI3_IRQHandler                         0x080001e3   Thumb Code     0  startup_stm32f10x_md.o(.text)
    EXTI4_IRQHandler                         0x080001e3   Thumb Code     0  startup_stm32f10x_md.o(.text)
    EXTI9_5_IRQHandler                       0x080001e3   Thumb Code     0  startup_stm32f10x_md.o(.text)
    FLASH_IRQHandler                         0x080001e3   Thumb Code     0  startup_stm32f10x_md.o(.text)
    I2C1_ER_IRQHandler                       0x080001e3   Thumb Code     0  startup_stm32f10x_md.o(.text)
    I2C1_EV_IRQHandler                       0x080001e3   Thumb Code     0  startup_stm32f10x_md.o(.text)
    I2C2_ER_IRQHandler                       0x080001e3   Thumb Code     0  startup_stm32f10x_md.o(.text)
    I2C2_EV_IRQHandler                       0x080001e3   Thumb Code     0  startup_stm32f10x_md.o(.text)
    PVD_IRQHandler                           0x080001e3   Thumb Code     0  startup_stm32f10x_md.o(.text)
    RCC_IRQHandler                           0x080001e3   Thumb Code     0  startup_stm32f10x_md.o(.text)
    RTCAlarm_IRQHandler                      0x080001e3   Thumb Code     0  startup_stm32f10x_md.o(.text)
    RTC_IRQHandler                           0x080001e3   Thumb Code     0  startup_stm32f10x_md.o(.text)
    SPI1_IRQHandler                          0x080001e3   Thumb Code     0  startup_stm32f10x_md.o(.text)
    SPI2_IRQHandler                          0x080001e3   Thumb Code     0  startup_stm32f10x_md.o(.text)
    TAMPER_IRQHandler                        0x080001e3   Thumb Code     0  startup_stm32f10x_md.o(.text)
    TIM1_BRK_IRQHandler                      0x080001e3   Thumb Code     0  startup_stm32f10x_md.o(.text)
    TIM1_CC_IRQHandler                       0x080001e3   Thumb Code     0  startup_stm32f10x_md.o(.text)
    TIM1_TRG_COM_IRQHandler                  0x080001e3   Thumb Code     0  startup_stm32f10x_md.o(.text)
    TIM1_UP_IRQHandler                       0x080001e3   Thumb Code     0  startup_stm32f10x_md.o(.text)
    TIM3_IRQHandler                          0x080001e3   Thumb Code     0  startup_stm32f10x_md.o(.text)
    TIM4_IRQHandler                          0x080001e3   Thumb Code     0  startup_stm32f10x_md.o(.text)
    USART3_IRQHandler                        0x080001e3   Thumb Code     0  startup_stm32f10x_md.o(.text)
    USBWakeUp_IRQHandler                     0x080001e3   Thumb Code     0  startup_stm32f10x_md.o(.text)
    USB_HP_CAN1_TX_IRQHandler                0x080001e3   Thumb Code     0  startup_stm32f10x_md.o(.text)
    USB_LP_CAN1_RX0_IRQHandler               0x080001e3   Thumb Code     0  startup_stm32f10x_md.o(.text)
    WWDG_IRQHandler                          0x080001e3   Thumb Code     0  startup_stm32f10x_md.o(.text)
    __user_initial_stackheap                 0x080001e5   Thumb Code     0  startup_stm32f10x_md.o(.text)
    __aeabi_memcpy                           0x08000209   Thumb Code     0  rt_memcpy_v6.o(.text)
    __rt_memcpy                              0x08000209   Thumb Code   138  rt_memcpy_v6.o(.text)
    _memcpy_lastbytes                        0x0800026f   Thumb Code     0  rt_memcpy_v6.o(.text)
    __use_two_region_memory                  0x08000293   Thumb Code     2  heapauxi.o(.text)
    __rt_heap_escrow$2region                 0x08000295   Thumb Code     2  heapauxi.o(.text)
    __rt_heap_expand$2region                 0x08000297   Thumb Code     2  heapauxi.o(.text)
    __aeabi_memcpy4                          0x08000299   Thumb Code     0  rt_memcpy_w.o(.text)
    __aeabi_memcpy8                          0x08000299   Thumb Code     0  rt_memcpy_w.o(.text)
    __rt_memcpy_w                            0x08000299   Thumb Code   100  rt_memcpy_w.o(.text)
    _memcpy_lastbytes_aligned                0x080002e1   Thumb Code     0  rt_memcpy_w.o(.text)
    __user_setup_stackheap                   0x080002fd   Thumb Code    74  sys_stackheap_outer.o(.text)
    exit                                     0x08000347   Thumb Code    18  exit.o(.text)
    __user_libspace                          0x08000359   Thumb Code     8  libspace.o(.text)
    __user_perproc_libspace                  0x08000359   Thumb Code     0  libspace.o(.text)
    __user_perthread_libspace                0x08000359   Thumb Code     0  libspace.o(.text)
    _sys_exit                                0x08000361   Thumb Code     8  sys_exit.o(.text)
    __I$use$semihosting                      0x0800036d   Thumb Code     0  use_no_semi.o(.text)
    __use_no_semihosting_swi                 0x0800036d   Thumb Code     2  use_no_semi.o(.text)
    __semihosting_library_function           0x0800036f   Thumb Code     0  indicate_semi.o(.text)
    Add_FingerPrint                          0x08000371   Thumb Code   748  main.o(i.Add_FingerPrint)
    BusFault_Handler                         0x08000675   Thumb Code     4  stm32f10x_it.o(i.BusFault_Handler)
    Buzzer                                   0x08000679   Thumb Code    56  main.o(i.Buzzer)
    COM_TIM_Config                           0x080006b5   Thumb Code    76  timer.o(i.COM_TIM_Config)
    COM_TIM_NVIC_Config                      0x08000701   Thumb Code    42  timer.o(i.COM_TIM_NVIC_Config)
    Change_PWD                               0x0800072d   Thumb Code   116  main.o(i.Change_PWD)
    Command_Event                            0x080007b1   Thumb Code   198  main.o(i.Command_Event)
    DebugMon_Handler                         0x08000891   Thumb Code     2  stm32f10x_it.o(i.DebugMon_Handler)
    Decode_Input                             0x08000895   Thumb Code   168  main.o(i.Decode_Input)
    EXTI0_IRQHandler                         0x08000941   Thumb Code    22  exti.o(i.EXTI0_IRQHandler)
    EXTI1_IRQHandler                         0x0800095d   Thumb Code    22  exti.o(i.EXTI1_IRQHandler)
    EXTI_ClearITPendingBit                   0x08000979   Thumb Code     6  stm32f10x_exti.o(i.EXTI_ClearITPendingBit)
    EXTI_Config                              0x08000985   Thumb Code   128  exti.o(i.EXTI_Config)
    EXTI_GetITStatus                         0x08000a09   Thumb Code    34  stm32f10x_exti.o(i.EXTI_GetITStatus)
    EXTI_Init                                0x08000a31   Thumb Code   142  stm32f10x_exti.o(i.EXTI_Init)
    FLASH_ClearFlag                          0x08000ac5   Thumb Code     6  stm32f10x_flash.o(i.FLASH_ClearFlag)
    FLASH_ErasePage                          0x08000ad1   Thumb Code    72  stm32f10x_flash.o(i.FLASH_ErasePage)
    FLASH_GetBank1Status                     0x08000b1d   Thumb Code    48  stm32f10x_flash.o(i.FLASH_GetBank1Status)
    FLASH_Lock                               0x08000b51   Thumb Code    14  stm32f10x_flash.o(i.FLASH_Lock)
    FLASH_ProgramHalfWord                    0x08000b65   Thumb Code    60  stm32f10x_flash.o(i.FLASH_ProgramHalfWord)
    FLASH_Unlock                             0x08000ba5   Thumb Code    12  stm32f10x_flash.o(i.FLASH_Unlock)
    FLASH_WaitForLastOperation               0x08000bbd   Thumb Code    38  stm32f10x_flash.o(i.FLASH_WaitForLastOperation)
    Finger_Verify                            0x08000be5   Thumb Code   220  main.o(i.Finger_Verify)
    Flash_Write                              0x08000cd9   Thumb Code   120  flash.o(i.Flash_Write)
    GPIO_EXTILineConfig                      0x08000d59   Thumb Code    60  stm32f10x_gpio.o(i.GPIO_EXTILineConfig)
    GPIO_Init                                0x08000d99   Thumb Code   278  stm32f10x_gpio.o(i.GPIO_Init)
    GPIO_ResetBits                           0x08000eaf   Thumb Code     4  stm32f10x_gpio.o(i.GPIO_ResetBits)
    GPIO_SetBits                             0x08000eb3   Thumb Code     4  stm32f10x_gpio.o(i.GPIO_SetBits)
    HardFault_Handler                        0x08000eb7   Thumb Code     4  stm32f10x_it.o(i.HardFault_Handler)
    I2C_AcknowledgeConfig                    0x08000ebb   Thumb Code    24  stm32f10x_i2c.o(i.I2C_AcknowledgeConfig)
    I2C_BufferRead                           0x08000ed5   Thumb Code   502  wt5700.o(i.I2C_BufferRead)
    I2C_CheckEvent                           0x080010e1   Thumb Code    42  stm32f10x_i2c.o(i.I2C_CheckEvent)
    I2C_Cmd                                  0x0800110b   Thumb Code    24  stm32f10x_i2c.o(i.I2C_Cmd)
    I2C_GenerateSTART                        0x08001171   Thumb Code    24  stm32f10x_i2c.o(i.I2C_GenerateSTART)
    I2C_GenerateSTOP                         0x08001189   Thumb Code    24  stm32f10x_i2c.o(i.I2C_GenerateSTOP)
    I2C_GetFlagStatus                        0x080011a1   Thumb Code    58  stm32f10x_i2c.o(i.I2C_GetFlagStatus)
    I2C_Init                                 0x080011dd   Thumb Code   222  stm32f10x_i2c.o(i.I2C_Init)
    I2C_KEYBOARD_ByteWrite                   0x080012c9   Thumb Code   288  wt5700.o(i.I2C_KEYBOARD_ByteWrite)
    I2C_KEYBOARD_Init                        0x080013fd   Thumb Code    36  wt5700.o(i.I2C_KEYBOARD_Init)
    I2C_ReceiveData                          0x08001469   Thumb Code     8  stm32f10x_i2c.o(i.I2C_ReceiveData)
    I2C_Send7bitAddress                      0x08001471   Thumb Code    18  stm32f10x_i2c.o(i.I2C_Send7bitAddress)
    I2C_SendData                             0x08001483   Thumb Code     4  stm32f10x_i2c.o(i.I2C_SendData)
    InputClr                                 0x0800148d   Thumb Code    28  main.o(i.InputClr)
    Input_Event                              0x080014b1   Thumb Code   268  main.o(i.Input_Event)
    Input_Handle                             0x080015dd   Thumb Code    92  main.o(i.Input_Handle)
    Iot_Handle                               0x08001651   Thumb Code   200  main.o(i.Iot_Handle)
    Iot_Register                             0x0800172d   Thumb Code   108  main.o(i.Iot_Register)
    IsContain                                0x080017b1   Thumb Code    52  main.o(i.IsContain)
    MemManage_Handler                        0x080017e5   Thumb Code     4  stm32f10x_it.o(i.MemManage_Handler)
    NMI_Handler                              0x080017e9   Thumb Code     2  stm32f10x_it.o(i.NMI_Handler)
    NVIC_Init                                0x08001855   Thumb Code   100  misc.o(i.NVIC_Init)
    NVIC_PriorityGroupConfig                 0x080018c5   Thumb Code    10  misc.o(i.NVIC_PriorityGroupConfig)
    PWR_EnterSTOPMode                        0x080018d9   Thumb Code    54  stm32f10x_pwr.o(i.PWR_EnterSTOPMode)
    PendSV_Handler                           0x08001919   Thumb Code     2  stm32f10x_it.o(i.PendSV_Handler)
    PortInit                                 0x0800191d   Thumb Code    92  port.o(i.PortInit)
    RCC_APB1PeriphClockCmd                   0x08001981   Thumb Code    26  stm32f10x_rcc.o(i.RCC_APB1PeriphClockCmd)
    RCC_APB2PeriphClockCmd                   0x080019a1   Thumb Code    26  stm32f10x_rcc.o(i.RCC_APB2PeriphClockCmd)
    RCC_GetClocksFreq                        0x080019c1   Thumb Code   192  stm32f10x_rcc.o(i.RCC_GetClocksFreq)
    RxBufClr                                 0x08001a95   Thumb Code    28  idworld.o(i.RxBufClr)
    SEND_CMD_DEL_CHAR                        0x08001ab9   Thumb Code    30  idworld.o(i.SEND_CMD_DEL_CHAR)
    SEND_CMD_GENERATE0                       0x08001ae1   Thumb Code    30  idworld.o(i.SEND_CMD_GENERATE0)
    SEND_CMD_GENERATE1                       0x08001b09   Thumb Code    30  idworld.o(i.SEND_CMD_GENERATE1)
    SEND_CMD_GENERATE2                       0x08001b31   Thumb Code    30  idworld.o(i.SEND_CMD_GENERATE2)
    SEND_CMD_GET_EMPTY_ID                    0x08001b59   Thumb Code    30  idworld.o(i.SEND_CMD_GET_EMPTY_ID)
    SEND_CMD_GET_IMAGE                       0x08001b81   Thumb Code    30  idworld.o(i.SEND_CMD_GET_IMAGE)
    SEND_CMD_MERGE                           0x08001ba9   Thumb Code    30  idworld.o(i.SEND_CMD_MERGE)
    SEND_CMD_SEARCH                          0x08001bd1   Thumb Code    30  idworld.o(i.SEND_CMD_SEARCH)
    SEND_CMD_SLED_CTRL                       0x08001bf9   Thumb Code    62  idworld.o(i.SEND_CMD_SLED_CTRL)
    SEND_CMD_STORE_CHAR                      0x08001c41   Thumb Code    66  idworld.o(i.SEND_CMD_STORE_CHAR)
    SEND_PREFIX                              0x08001c8d   Thumb Code    30  idworld.o(i.SEND_PREFIX)
    SVC_Handler                              0x08001cb5   Thumb Code     2  stm32f10x_it.o(i.SVC_Handler)
    SysTick_Delay_Ms                         0x08001df5   Thumb Code    66  delay.o(i.SysTick_Delay_Ms)
    SysTick_Handler                          0x08001e3d   Thumb Code     2  stm32f10x_it.o(i.SysTick_Handler)
    SystemInit                               0x08001e41   Thumb Code    78  system_stm32f10x.o(i.SystemInit)
    TIM2_IRQHandler                          0x08001ea1   Thumb Code    54  timer.o(i.TIM2_IRQHandler)
    TIM_ClearFlag                            0x08001edd   Thumb Code     6  stm32f10x_tim.o(i.TIM_ClearFlag)
    TIM_ClearITPendingBit                    0x08001ee3   Thumb Code     6  stm32f10x_tim.o(i.TIM_ClearITPendingBit)
    TIM_Cmd                                  0x08001ee9   Thumb Code    24  stm32f10x_tim.o(i.TIM_Cmd)
    TIM_GetITStatus                          0x08001f01   Thumb Code    34  stm32f10x_tim.o(i.TIM_GetITStatus)
    TIM_ITConfig                             0x08001f23   Thumb Code    18  stm32f10x_tim.o(i.TIM_ITConfig)
    TIM_TimeBaseInit                         0x08001f35   Thumb Code   122  stm32f10x_tim.o(i.TIM_TimeBaseInit)
    Timer_Init                               0x08001fd9   Thumb Code    12  timer.o(i.Timer_Init)
    Timer_Start                              0x08001fe5   Thumb Code    12  timer.o(i.Timer_Start)
    USART1_IRQHandler                        0x08001ff1   Thumb Code    48  usart.o(i.USART1_IRQHandler)
    USART2_IRQHandler                        0x0800202d   Thumb Code    54  usart.o(i.USART2_IRQHandler)
    USART_ClearFlag                          0x08002075   Thumb Code    18  stm32f10x_usart.o(i.USART_ClearFlag)
    USART_Cmd                                0x08002087   Thumb Code    24  stm32f10x_usart.o(i.USART_Cmd)
    USART_Config                             0x080020a1   Thumb Code   256  usart.o(i.USART_Config)
    USART_GetFlagStatus                      0x080021ad   Thumb Code    26  stm32f10x_usart.o(i.USART_GetFlagStatus)
    USART_ITConfig                           0x080021c7   Thumb Code    74  stm32f10x_usart.o(i.USART_ITConfig)
    USART_Init                               0x08002211   Thumb Code   210  stm32f10x_usart.o(i.USART_Init)
    USART_ReceiveData                        0x080022e9   Thumb Code    10  stm32f10x_usart.o(i.USART_ReceiveData)
    USART_SendByte                           0x080022f3   Thumb Code    30  usart.o(i.USART_SendByte)
    USART_SendData                           0x08002311   Thumb Code     8  stm32f10x_usart.o(i.USART_SendData)
    UnLock                                   0x08002319   Thumb Code   124  main.o(i.UnLock)
    UsageFault_Handler                       0x080023a1   Thumb Code     4  stm32f10x_it.o(i.UsageFault_Handler)
    ZigRxBufClr                              0x080023a5   Thumb Code    30  zigbee.o(i.ZigRxBufClr)
    Zig_BasicPost                            0x080023cd   Thumb Code    44  zigbee.o(i.Zig_BasicPost)
    Zig_ReadInfo                             0x08002401   Thumb Code    24  zigbee.o(i.Zig_ReadInfo)
    main                                     0x08002421   Thumb Code   130  main.o(i.main)
    Region$$Table$$Base                      0x080024bc   Number         0  anon$$obj.o(Region$$Table)
    Region$$Table$$Limit                     0x080024dc   Number         0  anon$$obj.o(Region$$Table)
    SystemCoreClock                          0x20000000   Data           4  system_stm32f10x.o(.data)
    AHBPrescTable                            0x20000004   Data          16  system_stm32f10x.o(.data)
    error                                    0x20000028   Data           4  main.o(.data)
    Timeout                                  0x2000002c   Data           4  main.o(.data)
    code                                     0x20000030   Data           1  main.o(.data)
    PWD                                      0x20000031   Data          16  main.o(.data)
    InputCon                                 0x20000044   Data           4  main.o(.data)
    CommandFlag                              0x20000048   Data           4  main.o(.data)
    ExtiFlag                                 0x2000004c   Data           1  exti.o(.data)
    AddNewFlag                               0x20000050   Data           4  idworld.o(.data)
    IdentifyFlag                             0x20000054   Data           4  idworld.o(.data)
    CurrentNum                               0x20000058   Data           4  idworld.o(.data)
    SearchNum                                0x2000005c   Data           4  idworld.o(.data)
    RxCon                                    0x20000060   Data           1  idworld.o(.data)
    PREFIX                                   0x20000061   Data           4  idworld.o(.data)
    CMD_GET_IMAGE                            0x20000065   Data          22  idworld.o(.data)
    CMD_GENERATE0                            0x2000007b   Data          22  idworld.o(.data)
    CMD_GENERATE1                            0x20000091   Data          22  idworld.o(.data)
    CMD_GENERATE2                            0x200000a7   Data          22  idworld.o(.data)
    CMD_MERGE                                0x200000bd   Data          22  idworld.o(.data)
    CMD_GET_EMPTY_ID                         0x200000d3   Data          22  idworld.o(.data)
    CMD_SEARCH                               0x200000e9   Data          22  idworld.o(.data)
    CMD_STORE_CHAR                           0x200000ff   Data          22  idworld.o(.data)
    CMD_DEL_CHAR                             0x20000115   Data          22  idworld.o(.data)
    CMD_SLED_CTRL                            0x2000012b   Data          22  idworld.o(.data)
    InputVaild                               0x20000144   Data           4  timer.o(.data)
    KEYBOARD_ADDRESS                         0x20000148   Data           1  wt5700.o(.data)
    IIC_ReadBuf                              0x20000149   Data           2  wt5700.o(.data)
    SetCode                                  0x2000014b   Data           4  wt5700.o(.data)
    I2CTimeout                               0x20000150   Data           4  wt5700.o(.data)
    ZigTxBuf                                 0x20000154   Data          64  zigbee.o(.data)
    CMD_READ                                 0x20000194   Data           4  zigbee.o(.data)
    ZigRxCon                                 0x20000198   Data           1  zigbee.o(.data)
    PWDBuf                                   0x2000019c   Data          16  main.o(.bss)
    InputBuf                                 0x200001ac   Data          16  main.o(.bss)
    RxBuf                                    0x200001bc   Data          26  idworld.o(.bss)
    ZigRxBuf                                 0x200001d6   Data          64  zigbee.o(.bss)
    __libspace_start                         0x20000218   Data          96  libspace.o(.bss)
    __temporary_stack_top$libspace           0x20000278   Data           0  libspace.o(.bss)



==============================================================================

Memory Map of the image

  Image Entry point : 0x080000ed

  Load Region LR_IROM1 (Base: 0x08000000, Size: 0x00002678, Max: 0x00010000, ABSOLUTE, COMPRESSED[0x00002558])

    Execution Region ER_IROM1 (Exec base: 0x08000000, Load base: 0x08000000, Size: 0x000024dc, Max: 0x00010000, ABSOLUTE)

    Exec Addr    Load Addr    Size         Type   Attr      Idx    E Section Name        Object

    0x08000000   0x08000000   0x000000ec   Data   RO            3    RESET               startup_stm32f10x_md.o
    0x080000ec   0x080000ec   0x00000008   Code   RO         3772  * !!!main             c_w.l(__main.o)
    0x080000f4   0x080000f4   0x00000034   Code   RO         3933    !!!scatter          c_w.l(__scatter.o)
    0x08000128   0x08000128   0x0000005a   Code   RO         3931    !!dczerorl2         c_w.l(__dczerorl2.o)
    0x08000182   0x08000182   0x00000002   PAD
    0x08000184   0x08000184   0x0000001c   Code   RO         3935    !!handler_zi        c_w.l(__scatter_zi.o)
    0x080001a0   0x080001a0   0x00000002   Code   RO         3801    .ARM.Collect$$libinit$$00000000  c_w.l(libinit.o)
    0x080001a2   0x080001a2   0x00000000   Code   RO         3808    .ARM.Collect$$libinit$$00000002  c_w.l(libinit2.o)
    0x080001a2   0x080001a2   0x00000000   Code   RO         3810    .ARM.Collect$$libinit$$00000004  c_w.l(libinit2.o)
    0x080001a2   0x080001a2   0x00000000   Code   RO         3813    .ARM.Collect$$libinit$$0000000A  c_w.l(libinit2.o)
    0x080001a2   0x080001a2   0x00000000   Code   RO         3815    .ARM.Collect$$libinit$$0000000C  c_w.l(libinit2.o)
    0x080001a2   0x080001a2   0x00000000   Code   RO         3817    .ARM.Collect$$libinit$$0000000E  c_w.l(libinit2.o)
    0x080001a2   0x080001a2   0x00000000   Code   RO         3820    .ARM.Collect$$libinit$$00000011  c_w.l(libinit2.o)
    0x080001a2   0x080001a2   0x00000000   Code   RO         3822    .ARM.Collect$$libinit$$00000013  c_w.l(libinit2.o)
    0x080001a2   0x080001a2   0x00000000   Code   RO         3824    .ARM.Collect$$libinit$$00000015  c_w.l(libinit2.o)
    0x080001a2   0x080001a2   0x00000000   Code   RO         3826    .ARM.Collect$$libinit$$00000017  c_w.l(libinit2.o)
    0x080001a2   0x080001a2   0x00000000   Code   RO         3828    .ARM.Collect$$libinit$$00000019  c_w.l(libinit2.o)
    0x080001a2   0x080001a2   0x00000000   Code   RO         3830    .ARM.Collect$$libinit$$0000001B  c_w.l(libinit2.o)
    0x080001a2   0x080001a2   0x00000000   Code   RO         3832    .ARM.Collect$$libinit$$0000001D  c_w.l(libinit2.o)
    0x080001a2   0x080001a2   0x00000000   Code   RO         3834    .ARM.Collect$$libinit$$0000001F  c_w.l(libinit2.o)
    0x080001a2   0x080001a2   0x00000000   Code   RO         3836    .ARM.Collect$$libinit$$00000021  c_w.l(libinit2.o)
    0x080001a2   0x080001a2   0x00000000   Code   RO         3838    .ARM.Collect$$libinit$$00000023  c_w.l(libinit2.o)
    0x080001a2   0x080001a2   0x00000000   Code   RO         3840    .ARM.Collect$$libinit$$00000025  c_w.l(libinit2.o)
    0x080001a2   0x080001a2   0x00000000   Code   RO         3844    .ARM.Collect$$libinit$$0000002C  c_w.l(libinit2.o)
    0x080001a2   0x080001a2   0x00000000   Code   RO         3846    .ARM.Collect$$libinit$$0000002E  c_w.l(libinit2.o)
    0x080001a2   0x080001a2   0x00000000   Code   RO         3848    .ARM.Collect$$libinit$$00000030  c_w.l(libinit2.o)
    0x080001a2   0x080001a2   0x00000000   Code   RO         3850    .ARM.Collect$$libinit$$00000032  c_w.l(libinit2.o)
    0x080001a2   0x080001a2   0x00000002   Code   RO         3851    .ARM.Collect$$libinit$$00000033  c_w.l(libinit2.o)
    0x080001a4   0x080001a4   0x00000002   Code   RO         3871    .ARM.Collect$$libshutdown$$00000000  c_w.l(libshutdown.o)
    0x080001a6   0x080001a6   0x00000000   Code   RO         3884    .ARM.Collect$$libshutdown$$00000002  c_w.l(libshutdown2.o)
    0x080001a6   0x080001a6   0x00000000   Code   RO         3886    .ARM.Collect$$libshutdown$$00000004  c_w.l(libshutdown2.o)
    0x080001a6   0x080001a6   0x00000000   Code   RO         3889    .ARM.Collect$$libshutdown$$00000007  c_w.l(libshutdown2.o)
    0x080001a6   0x080001a6   0x00000000   Code   RO         3892    .ARM.Collect$$libshutdown$$0000000A  c_w.l(libshutdown2.o)
    0x080001a6   0x080001a6   0x00000000   Code   RO         3894    .ARM.Collect$$libshutdown$$0000000C  c_w.l(libshutdown2.o)
    0x080001a6   0x080001a6   0x00000000   Code   RO         3897    .ARM.Collect$$libshutdown$$0000000F  c_w.l(libshutdown2.o)
    0x080001a6   0x080001a6   0x00000002   Code   RO         3898    .ARM.Collect$$libshutdown$$00000010  c_w.l(libshutdown2.o)
    0x080001a8   0x080001a8   0x00000000   Code   RO         3774    .ARM.Collect$$rtentry$$00000000  c_w.l(__rtentry.o)
    0x080001a8   0x080001a8   0x00000000   Code   RO         3778    .ARM.Collect$$rtentry$$00000002  c_w.l(__rtentry2.o)
    0x080001a8   0x080001a8   0x00000006   Code   RO         3790    .ARM.Collect$$rtentry$$00000004  c_w.l(__rtentry4.o)
    0x080001ae   0x080001ae   0x00000000   Code   RO         3780    .ARM.Collect$$rtentry$$00000009  c_w.l(__rtentry2.o)
    0x080001ae   0x080001ae   0x00000004   Code   RO         3781    .ARM.Collect$$rtentry$$0000000A  c_w.l(__rtentry2.o)
    0x080001b2   0x080001b2   0x00000000   Code   RO         3783    .ARM.Collect$$rtentry$$0000000C  c_w.l(__rtentry2.o)
    0x080001b2   0x080001b2   0x00000008   Code   RO         3784    .ARM.Collect$$rtentry$$0000000D  c_w.l(__rtentry2.o)
    0x080001ba   0x080001ba   0x00000002   Code   RO         3805    .ARM.Collect$$rtexit$$00000000  c_w.l(rtexit.o)
    0x080001bc   0x080001bc   0x00000000   Code   RO         3853    .ARM.Collect$$rtexit$$00000002  c_w.l(rtexit2.o)
    0x080001bc   0x080001bc   0x00000004   Code   RO         3854    .ARM.Collect$$rtexit$$00000003  c_w.l(rtexit2.o)
    0x080001c0   0x080001c0   0x00000006   Code   RO         3855    .ARM.Collect$$rtexit$$00000004  c_w.l(rtexit2.o)
    0x080001c6   0x080001c6   0x00000002   PAD
    0x080001c8   0x080001c8   0x00000040   Code   RO            4    .text               startup_stm32f10x_md.o
    0x08000208   0x08000208   0x0000008a   Code   RO         3768    .text               c_w.l(rt_memcpy_v6.o)
    0x08000292   0x08000292   0x00000006   Code   RO         3770    .text               c_w.l(heapauxi.o)
    0x08000298   0x08000298   0x00000064   Code   RO         3775    .text               c_w.l(rt_memcpy_w.o)
    0x080002fc   0x080002fc   0x0000004a   Code   RO         3792    .text               c_w.l(sys_stackheap_outer.o)
    0x08000346   0x08000346   0x00000012   Code   RO         3794    .text               c_w.l(exit.o)
    0x08000358   0x08000358   0x00000008   Code   RO         3802    .text               c_w.l(libspace.o)
    0x08000360   0x08000360   0x0000000c   Code   RO         3863    .text               c_w.l(sys_exit.o)
    0x0800036c   0x0800036c   0x00000002   Code   RO         3874    .text               c_w.l(use_no_semi.o)
    0x0800036e   0x0800036e   0x00000000   Code   RO         3876    .text               c_w.l(indicate_semi.o)
    0x0800036e   0x0800036e   0x00000002   PAD
    0x08000370   0x08000370   0x00000304   Code   RO         3108    i.Add_FingerPrint   main.o
    0x08000674   0x08000674   0x00000004   Code   RO         3460    i.BusFault_Handler  stm32f10x_it.o
    0x08000678   0x08000678   0x0000003c   Code   RO         3109    i.Buzzer            main.o
    0x080006b4   0x080006b4   0x0000004c   Code   RO         3586    i.COM_TIM_Config    timer.o
    0x08000700   0x08000700   0x0000002a   Code   RO         3587    i.COM_TIM_NVIC_Config  timer.o
    0x0800072a   0x0800072a   0x00000002   PAD
    0x0800072c   0x0800072c   0x00000084   Code   RO         3110    i.Change_PWD        main.o
    0x080007b0   0x080007b0   0x000000e0   Code   RO         3111    i.Command_Event     main.o
    0x08000890   0x08000890   0x00000002   Code   RO         3461    i.DebugMon_Handler  stm32f10x_it.o
    0x08000892   0x08000892   0x00000002   PAD
    0x08000894   0x08000894   0x000000ac   Code   RO         3112    i.Decode_Input      main.o
    0x08000940   0x08000940   0x0000001c   Code   RO         3325    i.EXTI0_IRQHandler  exti.o
    0x0800095c   0x0800095c   0x0000001c   Code   RO         3326    i.EXTI1_IRQHandler  exti.o
    0x08000978   0x08000978   0x0000000c   Code   RO          903    i.EXTI_ClearITPendingBit  stm32f10x_exti.o
    0x08000984   0x08000984   0x00000084   Code   RO         3327    i.EXTI_Config       exti.o
    0x08000a08   0x08000a08   0x00000028   Code   RO          907    i.EXTI_GetITStatus  stm32f10x_exti.o
    0x08000a30   0x08000a30   0x00000094   Code   RO          908    i.EXTI_Init         stm32f10x_exti.o
    0x08000ac4   0x08000ac4   0x0000000c   Code   RO          959    i.FLASH_ClearFlag   stm32f10x_flash.o
    0x08000ad0   0x08000ad0   0x0000004c   Code   RO          964    i.FLASH_ErasePage   stm32f10x_flash.o
    0x08000b1c   0x08000b1c   0x00000034   Code   RO          965    i.FLASH_GetBank1Status  stm32f10x_flash.o
    0x08000b50   0x08000b50   0x00000014   Code   RO          974    i.FLASH_Lock        stm32f10x_flash.o
    0x08000b64   0x08000b64   0x00000040   Code   RO          977    i.FLASH_ProgramHalfWord  stm32f10x_flash.o
    0x08000ba4   0x08000ba4   0x00000018   Code   RO          982    i.FLASH_Unlock      stm32f10x_flash.o
    0x08000bbc   0x08000bbc   0x00000026   Code   RO          986    i.FLASH_WaitForLastOperation  stm32f10x_flash.o
    0x08000be2   0x08000be2   0x00000002   PAD
    0x08000be4   0x08000be4   0x000000f4   Code   RO         3114    i.Finger_Verify     main.o
    0x08000cd8   0x08000cd8   0x00000080   Code   RO         3671    i.Flash_Write       flash.o
    0x08000d58   0x08000d58   0x00000040   Code   RO         1262    i.GPIO_EXTILineConfig  stm32f10x_gpio.o
    0x08000d98   0x08000d98   0x00000116   Code   RO         1265    i.GPIO_Init         stm32f10x_gpio.o
    0x08000eae   0x08000eae   0x00000004   Code   RO         1272    i.GPIO_ResetBits    stm32f10x_gpio.o
    0x08000eb2   0x08000eb2   0x00000004   Code   RO         1273    i.GPIO_SetBits      stm32f10x_gpio.o
    0x08000eb6   0x08000eb6   0x00000004   Code   RO         3462    i.HardFault_Handler  stm32f10x_it.o
    0x08000eba   0x08000eba   0x00000018   Code   RO         1374    i.I2C_AcknowledgeConfig  stm32f10x_i2c.o
    0x08000ed2   0x08000ed2   0x00000002   PAD
    0x08000ed4   0x08000ed4   0x0000020c   Code   RO         3625    i.I2C_BufferRead    wt5700.o
    0x080010e0   0x080010e0   0x0000002a   Code   RO         1376    i.I2C_CheckEvent    stm32f10x_i2c.o
    0x0800110a   0x0800110a   0x00000018   Code   RO         1379    i.I2C_Cmd           stm32f10x_i2c.o
    0x08001122   0x08001122   0x00000002   PAD
    0x08001124   0x08001124   0x0000004c   Code   RO         3626    i.I2C_GPIO_Config   wt5700.o
    0x08001170   0x08001170   0x00000018   Code   RO         1386    i.I2C_GenerateSTART  stm32f10x_i2c.o
    0x08001188   0x08001188   0x00000018   Code   RO         1387    i.I2C_GenerateSTOP  stm32f10x_i2c.o
    0x080011a0   0x080011a0   0x0000003a   Code   RO         1388    i.I2C_GetFlagStatus  stm32f10x_i2c.o
    0x080011da   0x080011da   0x00000002   PAD
    0x080011dc   0x080011dc   0x000000ec   Code   RO         1393    i.I2C_Init          stm32f10x_i2c.o
    0x080012c8   0x080012c8   0x00000134   Code   RO         3627    i.I2C_KEYBOARD_ByteWrite  wt5700.o
    0x080013fc   0x080013fc   0x00000028   Code   RO         3628    i.I2C_KEYBOARD_Init  wt5700.o
    0x08001424   0x08001424   0x00000044   Code   RO         3629    i.I2C_Mode_Config   wt5700.o
    0x08001468   0x08001468   0x00000008   Code   RO         1398    i.I2C_ReceiveData   stm32f10x_i2c.o
    0x08001470   0x08001470   0x00000012   Code   RO         1400    i.I2C_Send7bitAddress  stm32f10x_i2c.o
    0x08001482   0x08001482   0x00000004   Code   RO         1401    i.I2C_SendData      stm32f10x_i2c.o
    0x08001486   0x08001486   0x00000006   Code   RO         3630    i.I2C_TIMEOUT_UserCallback  wt5700.o
    0x0800148c   0x0800148c   0x00000024   Code   RO         3115    i.InputClr          main.o
    0x080014b0   0x080014b0   0x0000012c   Code   RO         3116    i.Input_Event       main.o
    0x080015dc   0x080015dc   0x00000074   Code   RO         3117    i.Input_Handle      main.o
    0x08001650   0x08001650   0x000000dc   Code   RO         3118    i.Iot_Handle        main.o
    0x0800172c   0x0800172c   0x00000084   Code   RO         3119    i.Iot_Register      main.o
    0x080017b0   0x080017b0   0x00000034   Code   RO         3120    i.IsContain         main.o
    0x080017e4   0x080017e4   0x00000004   Code   RO         3463    i.MemManage_Handler  stm32f10x_it.o
    0x080017e8   0x080017e8   0x00000002   Code   RO         3464    i.NMI_Handler       stm32f10x_it.o
    0x080017ea   0x080017ea   0x00000032   Code   RO         3328    i.NVIC_Configuration  exti.o
    0x0800181c   0x0800181c   0x00000038   Code   RO         3523    i.NVIC_Configuration  usart.o
    0x08001854   0x08001854   0x00000070   Code   RO           77    i.NVIC_Init         misc.o
    0x080018c4   0x080018c4   0x00000014   Code   RO           78    i.NVIC_PriorityGroupConfig  misc.o
    0x080018d8   0x080018d8   0x00000040   Code   RO         1629    i.PWR_EnterSTOPMode  stm32f10x_pwr.o
    0x08001918   0x08001918   0x00000002   Code   RO         3465    i.PendSV_Handler    stm32f10x_it.o
    0x0800191a   0x0800191a   0x00000002   PAD
    0x0800191c   0x0800191c   0x00000064   Code   RO         3710    i.PortInit          port.o
    0x08001980   0x08001980   0x00000020   Code   RO         1690    i.RCC_APB1PeriphClockCmd  stm32f10x_rcc.o
    0x080019a0   0x080019a0   0x00000020   Code   RO         1692    i.RCC_APB2PeriphClockCmd  stm32f10x_rcc.o
    0x080019c0   0x080019c0   0x000000d4   Code   RO         1700    i.RCC_GetClocksFreq  stm32f10x_rcc.o
    0x08001a94   0x08001a94   0x00000024   Code   RO         3371    i.RxBufClr          idworld.o
    0x08001ab8   0x08001ab8   0x00000028   Code   RO         3372    i.SEND_CMD_DEL_CHAR  idworld.o
    0x08001ae0   0x08001ae0   0x00000028   Code   RO         3373    i.SEND_CMD_GENERATE0  idworld.o
    0x08001b08   0x08001b08   0x00000028   Code   RO         3374    i.SEND_CMD_GENERATE1  idworld.o
    0x08001b30   0x08001b30   0x00000028   Code   RO         3375    i.SEND_CMD_GENERATE2  idworld.o
    0x08001b58   0x08001b58   0x00000028   Code   RO         3376    i.SEND_CMD_GET_EMPTY_ID  idworld.o
    0x08001b80   0x08001b80   0x00000028   Code   RO         3377    i.SEND_CMD_GET_IMAGE  idworld.o
    0x08001ba8   0x08001ba8   0x00000028   Code   RO         3378    i.SEND_CMD_MERGE    idworld.o
    0x08001bd0   0x08001bd0   0x00000028   Code   RO         3379    i.SEND_CMD_SEARCH   idworld.o
    0x08001bf8   0x08001bf8   0x00000048   Code   RO         3380    i.SEND_CMD_SLED_CTRL  idworld.o
    0x08001c40   0x08001c40   0x0000004c   Code   RO         3381    i.SEND_CMD_STORE_CHAR  idworld.o
    0x08001c8c   0x08001c8c   0x00000028   Code   RO         3382    i.SEND_PREFIX       idworld.o
    0x08001cb4   0x08001cb4   0x00000002   Code   RO         3466    i.SVC_Handler       stm32f10x_it.o
    0x08001cb6   0x08001cb6   0x00000008   Code   RO           24    i.SetSysClock       system_stm32f10x.o
    0x08001cbe   0x08001cbe   0x00000002   PAD
    0x08001cc0   0x08001cc0   0x000000e0   Code   RO           25    i.SetSysClockTo72   system_stm32f10x.o
    0x08001da0   0x08001da0   0x00000054   Code   RO         3295    i.SysTick_Config    delay.o
    0x08001df4   0x08001df4   0x00000048   Code   RO         3296    i.SysTick_Delay_Ms  delay.o
    0x08001e3c   0x08001e3c   0x00000002   Code   RO         3467    i.SysTick_Handler   stm32f10x_it.o
    0x08001e3e   0x08001e3e   0x00000002   PAD
    0x08001e40   0x08001e40   0x00000060   Code   RO           27    i.SystemInit        system_stm32f10x.o
    0x08001ea0   0x08001ea0   0x0000003c   Code   RO         3588    i.TIM2_IRQHandler   timer.o
    0x08001edc   0x08001edc   0x00000006   Code   RO         2327    i.TIM_ClearFlag     stm32f10x_tim.o
    0x08001ee2   0x08001ee2   0x00000006   Code   RO         2328    i.TIM_ClearITPendingBit  stm32f10x_tim.o
    0x08001ee8   0x08001ee8   0x00000018   Code   RO         2333    i.TIM_Cmd           stm32f10x_tim.o
    0x08001f00   0x08001f00   0x00000022   Code   RO         2354    i.TIM_GetITStatus   stm32f10x_tim.o
    0x08001f22   0x08001f22   0x00000012   Code   RO         2358    i.TIM_ITConfig      stm32f10x_tim.o
    0x08001f34   0x08001f34   0x000000a4   Code   RO         2404    i.TIM_TimeBaseInit  stm32f10x_tim.o
    0x08001fd8   0x08001fd8   0x0000000c   Code   RO         3589    i.Timer_Init        timer.o
    0x08001fe4   0x08001fe4   0x0000000c   Code   RO         3590    i.Timer_Start       timer.o
    0x08001ff0   0x08001ff0   0x0000003c   Code   RO         3524    i.USART1_IRQHandler  usart.o
    0x0800202c   0x0800202c   0x00000048   Code   RO         3525    i.USART2_IRQHandler  usart.o
    0x08002074   0x08002074   0x00000012   Code   RO         2868    i.USART_ClearFlag   stm32f10x_usart.o
    0x08002086   0x08002086   0x00000018   Code   RO         2872    i.USART_Cmd         stm32f10x_usart.o
    0x0800209e   0x0800209e   0x00000002   PAD
    0x080020a0   0x080020a0   0x0000010c   Code   RO         3526    i.USART_Config      usart.o
    0x080021ac   0x080021ac   0x0000001a   Code   RO         2875    i.USART_GetFlagStatus  stm32f10x_usart.o
    0x080021c6   0x080021c6   0x0000004a   Code   RO         2878    i.USART_ITConfig    stm32f10x_usart.o
    0x08002210   0x08002210   0x000000d8   Code   RO         2879    i.USART_Init        stm32f10x_usart.o
    0x080022e8   0x080022e8   0x0000000a   Code   RO         2886    i.USART_ReceiveData  stm32f10x_usart.o
    0x080022f2   0x080022f2   0x0000001e   Code   RO         3527    i.USART_SendByte    usart.o
    0x08002310   0x08002310   0x00000008   Code   RO         2889    i.USART_SendData    stm32f10x_usart.o
    0x08002318   0x08002318   0x00000088   Code   RO         3122    i.UnLock            main.o
    0x080023a0   0x080023a0   0x00000004   Code   RO         3468    i.UsageFault_Handler  stm32f10x_it.o
    0x080023a4   0x080023a4   0x00000028   Code   RO         3725    i.ZigRxBufClr       zigbee.o
    0x080023cc   0x080023cc   0x00000034   Code   RO         3726    i.Zig_BasicPost     zigbee.o
    0x08002400   0x08002400   0x00000020   Code   RO         3727    i.Zig_ReadInfo      zigbee.o
    0x08002420   0x08002420   0x0000009c   Code   RO         3123    i.main              main.o
    0x080024bc   0x080024bc   0x00000020   Data   RO         3929    Region$$Table       anon$$obj.o


    Execution Region RW_IRAM1 (Exec base: 0x20000000, Load base: 0x080024dc, Size: 0x00000878, Max: 0x00005000, ABSOLUTE, COMPRESSED[0x0000007c])

    Exec Addr    Load Addr    Size         Type   Attr      Idx    E Section Name        Object

    0x20000000   COMPRESSED   0x00000014   Data   RW           28    .data               system_stm32f10x.o
    0x20000014   COMPRESSED   0x00000014   Data   RW         1720    .data               stm32f10x_rcc.o
    0x20000028   COMPRESSED   0x00000024   Data   RW         3125    .data               main.o
    0x2000004c   COMPRESSED   0x00000001   Data   RW         3329    .data               exti.o
    0x2000004d   COMPRESSED   0x00000003   PAD
    0x20000050   COMPRESSED   0x000000f1   Data   RW         3384    .data               idworld.o
    0x20000141   COMPRESSED   0x00000003   PAD
    0x20000144   COMPRESSED   0x00000004   Data   RW         3591    .data               timer.o
    0x20000148   COMPRESSED   0x0000000c   Data   RW         3631    .data               wt5700.o
    0x20000154   COMPRESSED   0x00000045   Data   RW         3730    .data               zigbee.o
    0x20000199   COMPRESSED   0x00000003   PAD
    0x2000019c        -       0x00000020   Zero   RW         3124    .bss                main.o
    0x200001bc        -       0x0000001a   Zero   RW         3383    .bss                idworld.o
    0x200001d6        -       0x00000040   Zero   RW         3729    .bss                zigbee.o
    0x20000216   COMPRESSED   0x00000002   PAD
    0x20000218        -       0x00000060   Zero   RW         3803    .bss                c_w.l(libspace.o)
    0x20000278        -       0x00000200   Zero   RW            2    HEAP                startup_stm32f10x_md.o
    0x20000478        -       0x00000400   Zero   RW            1    STACK               startup_stm32f10x_md.o


==============================================================================

Image component sizes


      Code (inc. data)   RO Data    RW Data    ZI Data      Debug   Object Name

         0          0          0          0          0       4524   core_cm3.o
       156         14          0          0          0      16534   delay.o
       238         16          0          1          0       2059   exti.o
       128          8          0          0          0       1258   flash.o
       544        118          0        241         26       7429   idworld.o
      2752        254          0         36         32     233807   main.o
       132         22          0          0          0       1735   misc.o
       100          8          0          0          0        475   port.o
        64         26        236          0       1536        920   startup_stm32f10x_md.o
       200         18          0          0          0       4572   stm32f10x_exti.o
       286         36          0          0          0      10480   stm32f10x_flash.o
       350          4          0          0          0       3886   stm32f10x_gpio.o
       462         14          0          0          0      16072   stm32f10x_i2c.o
        26          0          0          0          0       3658   stm32f10x_it.o
        64         10          0          0          0        664   stm32f10x_pwr.o
       276         32          0         20          0       4654   stm32f10x_rcc.o
       252         42          0          0          0      24782   stm32f10x_tim.o
       376          6          0          0          0      12367   stm32f10x_usart.o
       328         28          0         20          0     223377   system_stm32f10x.o
       202          6          0          4          0       2449   timer.o
       486         42          0          0          0       3015   usart.o
      1022         60          0         12          0       4340   wt5700.o
       124         26          0         69         64       2355   zigbee.o

    ----------------------------------------------------------------------
      8588        790        268        412       1660     585412   Object Totals
         0          0         32          0          0          0   (incl. Generated)
        20          0          0          9          2          0   (incl. Padding)

    ----------------------------------------------------------------------

      Code (inc. data)   RO Data    RW Data    ZI Data      Debug   Library Member Name

        90          0          0          0          0          0   __dczerorl2.o
         8          0          0          0          0         68   __main.o
         0          0          0          0          0          0   __rtentry.o
        12          0          0          0          0          0   __rtentry2.o
         6          0          0          0          0          0   __rtentry4.o
        52          8          0          0          0          0   __scatter.o
        28          0          0          0          0          0   __scatter_zi.o
        18          0          0          0          0         80   exit.o
         6          0          0          0          0        152   heapauxi.o
         0          0          0          0          0          0   indicate_semi.o
         2          0          0          0          0          0   libinit.o
         2          0          0          0          0          0   libinit2.o
         2          0          0          0          0          0   libshutdown.o
         2          0          0          0          0          0   libshutdown2.o
         8          4          0          0         96         68   libspace.o
       138          0          0          0          0         68   rt_memcpy_v6.o
       100          0          0          0          0         80   rt_memcpy_w.o
         2          0          0          0          0          0   rtexit.o
        10          0          0          0          0          0   rtexit2.o
        12          4          0          0          0         68   sys_exit.o
        74          0          0          0          0         80   sys_stackheap_outer.o
         2          0          0          0          0         68   use_no_semi.o

    ----------------------------------------------------------------------
       580         16          0          0         96        732   Library Totals
         6          0          0          0          0          0   (incl. Padding)

    ----------------------------------------------------------------------

      Code (inc. data)   RO Data    RW Data    ZI Data      Debug   Library Name

       574         16          0          0         96        732   c_w.l

    ----------------------------------------------------------------------
       580         16          0          0         96        732   Library Totals

    ----------------------------------------------------------------------

==============================================================================


      Code (inc. data)   RO Data    RW Data    ZI Data      Debug   

      9168        806        268        412       1756     580472   Grand Totals
      9168        806        268        124       1756     580472   ELF Image Totals (compressed)
      9168        806        268        124          0          0   ROM Totals

==============================================================================

    Total RO  Size (Code + RO Data)                 9436 (   9.21kB)
    Total RW  Size (RW Data + ZI Data)              2168 (   2.12kB)
    Total ROM Size (Code + RO Data + RW Data)       9560 (   9.34kB)

==============================================================================

